#
# There is insufficient memory for the Java Runtime Environment to continue.
# Native memory allocation (malloc) failed to allocate 1243864 bytes. Error detail: Chunk::new
# Possible reasons:
#   The system is out of physical RAM or swap space
#   This process is running with CompressedOops enabled, and the Java Heap may be blocking the growth of the native heap
# Possible solutions:
#   Reduce memory load on the system
#   Increase physical memory or swap space
#   Check if swap backing store is full
#   Decrease Java heap size (-Xmx/-Xms)
#   Decrease number of Java threads
#   Decrease Java thread stack sizes (-Xss)
#   Set larger code cache with -XX:ReservedCodeCacheSize=
#   JVM is running with Unscaled Compressed Oops mode in which the Java heap is
#     placed in the first 4GB address space. The Java Heap base address is the
#     maximum limit for the native heap growth. Please use -XX:HeapBaseMinAddress
#     to set the Java Heap base and to place the Java Heap above 4GB virtual address.
# This output file may be truncated or incomplete.
#
#  Out of Memory Error (arena.cpp:186), pid=13432, tid=19892
#
# JRE version: OpenJDK Runtime Environment (25.0.3) (build 25.0.3+-15898627-b508.16)
# Java VM: OpenJDK 64-Bit Server VM (25.0.3+-15898627-b508.16, mixed mode, tiered, compressed oops, compressed class ptrs, g1 gc, windows-amd64)
# No core dump will be written. Minidumps are not enabled by default on client versions of Windows
#

---------------  S U M M A R Y ------------

Command Line: --add-opens=java.base/java.lang=ALL-UNNAMED --add-opens=java.base/java.lang.invoke=ALL-UNNAMED --add-opens=java.base/java.util=ALL-UNNAMED --add-opens=java.prefs/java.util.prefs=ALL-UNNAMED --add-exports=jdk.compiler/com.sun.tools.javac.api=ALL-UNNAMED --add-exports=jdk.compiler/com.sun.tools.javac.util=ALL-UNNAMED --add-opens=java.base/java.nio.charset=ALL-UNNAMED --add-opens=java.base/java.net=ALL-UNNAMED --add-opens=java.base/java.util.concurrent=ALL-UNNAMED --add-opens=java.base/java.util.concurrent.atomic=ALL-UNNAMED --add-opens=java.xml/javax.xml.namespace=ALL-UNNAMED --add-opens=java.base/java.time=ALL-UNNAMED --enable-native-access=ALL-UNNAMED -Xmx2048m -Dfile.encoding=UTF-8 -Duser.country=IN -Duser.language=en -Duser.variant -javaagent:C:\Users\jerin\.gradle\wrapper\dists\gradle-9.6.0-bin\42k10rwplmzkhuboz9kdazi7s\gradle-9.6.0\lib\agents\gradle-instrumentation-agent-9.6.0.jar org.gradle.launcher.daemon.bootstrap.GradleDaemon 9.6.0

Host: AMD Ryzen 7 4800H with Radeon Graphics         , 16 cores, 15G,  Windows 11 , 64 bit Build 26100 (10.0.26100.9444)
Time: Sun Sep 13 18:24:40 2026 Eastern Daylight Time elapsed time: 11.836588 seconds (0d 0h 0m 11s)

---------------  T H R E A D  ---------------

Current thread (0x000002995334c870):  JavaThread "C2 CompilerThread0" daemon [_thread_in_native, id=19892, stack(0x000000f170e00000,0x000000f170f00000) (1024K)]


Current CompileTask:
C2:11836 10767       4       org.objectweb.asm.ClassReader::readUtf (44 bytes)

Stack: [0x000000f170e00000,0x000000f170f00000]
Native frames: (J=compiled Java code, j=interpreted, Vv=VM code, C=native code)
V  [jvm.dll+0x7bf039]  (no source info available)
V  [jvm.dll+0x78912d]  (no source info available)
V  [jvm.dll+0xa0e615]  (no source info available)
V  [jvm.dll+0xa10c94]  (no source info available)
V  [jvm.dll+0xa11393]  (no source info available)
V  [jvm.dll+0x30a116]  (no source info available)
V  [jvm.dll+0x10eda9]  (no source info available)
V  [jvm.dll+0x10f0d2]  (no source info available)
V  [jvm.dll+0x1a9b77]  (no source info available)
V  [jvm.dll+0x3bf612]  (no source info available)
V  [jvm.dll+0x7c48b7]  (no source info available)
V  [jvm.dll+0x2ce466]  (no source info available)
V  [jvm.dll+0x2cd641]  (no source info available)
V  [jvm.dll+0x24334a]  (no source info available)
V  [jvm.dll+0x2dd025]  (no source info available)
V  [jvm.dll+0x2db226]  (no source info available)
V  [jvm.dll+0x49c12e]  (no source info available)
V  [jvm.dll+0x9ad738]  (no source info available)
V  [jvm.dll+0x7bd585]  (no source info available)
C  [ucrtbase.dll+0x2cd30]  (no source info available)
C  [KERNEL32.DLL+0x2cd87]  (no source info available)
C  [ntdll.dll+0xacaec]  (no source info available)

Lock stack of current Java thread (top to bottom):


---------------  P R O C E S S  ---------------

Threads class SMR info:
_java_thread_list=0x000002995db620a0, length=70, elements={
0x000002993b0615e0, 0x0000029953334bd0, 0x00000299538e3cd0, 0x00000299538e4490,
0x00000299538e7070, 0x00000299538e7830, 0x00000299538e7ff0, 0x0000029953347960,
0x000002995334c870, 0x00000299538cc930, 0x00000299538cd950, 0x00000299538cb910,
0x0000029953c59290, 0x00000299538ce160, 0x0000029959de99f0, 0x0000029959885aa0,
0x000002995adcdbb0, 0x000002995ad599e0, 0x000002995ad78840, 0x000002995acfedc0,
0x000002995ad00530, 0x000002995ad02470, 0x000002995ad00d00, 0x000002995ad03410,
0x000002995ad043b0, 0x000002995ad05350, 0x0000029953343050, 0x000002995b509380,
0x000002995b509b50, 0x000002995b507440, 0x000002995b50a320, 0x000002995b50aaf0,
0x000002995b50b2c0, 0x000002995b50c260, 0x000002995caf5e80, 0x000002995caf56b0,
0x000002995caf7dc0, 0x000002995caf8590, 0x000002995cafa4d0, 0x000002995caf8d60,
0x000002995cafb470, 0x000002995cafc410, 0x000002995b210720, 0x000002995b20ff50,
0x000002995b20efb0, 0x000002995b20d840, 0x000002995b20e010, 0x000002995b20f780,
0x000002995b2145a0, 0x000002995b61db00, 0x000002995b620210, 0x000002995b622920,
0x000002995b6238c0, 0x000002995b624090, 0x000002995b621980, 0x000002995b6d71d0,
0x000002995b6d98e0, 0x000002995b6d8940, 0x000002995b6da880, 0x000002995b6d8170,
0x000002995b6dc7c0, 0x000002995b6ddf30, 0x000002995b6dd760, 0x000002995c942c00,
0x000002995c945310, 0x000002995c942430, 0x000002995c9433d0, 0x000002995c94a900,
0x000002995dbf2aa0, 0x000002995d1665e0
}

Java Threads: ( => current thread )
  0x000002993b0615e0 JavaThread "main"                              [_thread_blocked, id=24224, stack(0x000000f16ff00000,0x000000f170000000) (1024K)]
  0x0000029953334bd0 JavaThread "Common-Cleaner"             daemon [_thread_blocked, id=14368, stack(0x000000f170700000,0x000000f170800000) (1024K)]
  0x00000299538e3cd0 JavaThread "Reference Handler"          daemon [_thread_blocked, id=4144, stack(0x000000f170800000,0x000000f170900000) (1024K)]
  0x00000299538e4490 JavaThread "Finalizer"                  daemon [_thread_blocked, id=4624, stack(0x000000f170900000,0x000000f170a00000) (1024K)]
  0x00000299538e7070 JavaThread "Signal Dispatcher"          daemon [_thread_blocked, id=13136, stack(0x000000f170a00000,0x000000f170b00000) (1024K)]
  0x00000299538e7830 JavaThread "Attach Listener"            daemon [_thread_blocked, id=16104, stack(0x000000f170b00000,0x000000f170c00000) (1024K)]
  0x00000299538e7ff0 JavaThread "Service Thread"             daemon [_thread_blocked, id=15580, stack(0x000000f170c00000,0x000000f170d00000) (1024K)]
  0x0000029953347960 JavaThread "Monitor Deflation Thread"   daemon [_thread_blocked, id=24696, stack(0x000000f170d00000,0x000000f170e00000) (1024K)]
=>0x000002995334c870 JavaThread "C2 CompilerThread0"         daemon [_thread_in_native, id=19892, stack(0x000000f170e00000,0x000000f170f00000) (1024K)]
  0x00000299538cc930 JavaThread "C1 CompilerThread0"         daemon [_thread_blocked, id=1532, stack(0x000000f170f00000,0x000000f171000000) (1024K)]
  0x00000299538cd950 JavaThread "C1 CompilerThread1"         daemon [_thread_blocked, id=21944, stack(0x000000f171000000,0x000000f171100000) (1024K)]
  0x00000299538cb910 JavaThread "C1 CompilerThread2"         daemon [_thread_blocked, id=7536, stack(0x000000f171100000,0x000000f171200000) (1024K)]
  0x0000029953c59290 JavaThread "Notification Thread"        daemon [_thread_blocked, id=20808, stack(0x000000f171200000,0x000000f171300000) (1024K)]
  0x00000299538ce160 JavaThread "C1 CompilerThread3"         daemon [_thread_blocked, id=15556, stack(0x000000f171300000,0x000000f171400000) (1024K)]
  0x0000029959de99f0 JavaThread "Daemon health stats"               [_thread_blocked, id=25340, stack(0x000000f171c00000,0x000000f171d00000) (1024K)]
  0x0000029959885aa0 JavaThread "Incoming local TCP Connector on port 50534"        [_thread_in_native, id=8544, stack(0x000000f171d00000,0x000000f171e00000) (1024K)]
  0x000002995adcdbb0 JavaThread "Daemon periodic checks"            [_thread_blocked, id=18940, stack(0x000000f171e00000,0x000000f171f00000) (1024K)]
  0x000002995ad599e0 JavaThread "Daemon"                            [_thread_blocked, id=24820, stack(0x000000f171f00000,0x000000f172000000) (1024K)]
  0x000002995ad78840 JavaThread "Handler for socket connection from /127.0.0.1:50534 to /127.0.0.1:50535"        [_thread_in_native, id=8476, stack(0x000000f172000000,0x000000f172100000) (1024K)]
  0x000002995acfedc0 JavaThread "Cancel handler"                    [_thread_blocked, id=8412, stack(0x000000f172a00000,0x000000f172b00000) (1024K)]
  0x000002995ad00530 JavaThread "Daemon worker"                     [_thread_blocked, id=23120, stack(0x000000f172b00000,0x000000f172c00000) (1024K)]
  0x000002995ad02470 JavaThread "Asynchronous log dispatcher for DefaultDaemonConnection: socket connection from /127.0.0.1:50534 to /127.0.0.1:50535"        [_thread_blocked, id=500, stack(0x000000f172c00000,0x000000f172d00000) (1024K)]
  0x000002995ad00d00 JavaThread "Stdin handler"                     [_thread_blocked, id=19468, stack(0x000000f172d00000,0x000000f172e00000) (1024K)]
  0x000002995ad03410 JavaThread "Daemon client event forwarder"        [_thread_blocked, id=2784, stack(0x000000f172e00000,0x000000f172f00000) (1024K)]
  0x000002995ad043b0 JavaThread "Cache worker for journal cache (C:\Users\jerin\.gradle\caches\journal-1)"        [_thread_blocked, id=24252, stack(0x000000f171600000,0x000000f171700000) (1024K)]
  0x000002995ad05350 JavaThread "File lock request listener"        [_thread_in_native, id=15464, stack(0x000000f172f00000,0x000000f173000000) (1024K)]
  0x0000029953343050 JavaThread "Cache worker for file hash cache (C:\Users\jerin\.gradle\caches\9.6.0\fileHashes)"        [_thread_blocked, id=23044, stack(0x000000f173000000,0x000000f173100000) (1024K)]
  0x000002995b509380 JavaThread "Cache worker for file hash cache (C:\Users\jerin\AndroidStudioProjects\MobilityLensAssignment1\.gradle\9.6.0\fileHashes)"        [_thread_blocked, id=25508, stack(0x000000f173100000,0x000000f173200000) (1024K)]
  0x000002995b509b50 JavaThread "Cache worker for Build Output Cleanup Cache (C:\Users\jerin\AndroidStudioProjects\MobilityLensAssignment1\.gradle\buildOutputCleanup)"        [_thread_blocked, id=13572, stack(0x000000f173200000,0x000000f173300000) (1024K)]
  0x000002995b507440 JavaThread "File watcher server"        daemon [_thread_in_native, id=19104, stack(0x000000f173300000,0x000000f173400000) (1024K)]
  0x000002995b50a320 JavaThread "File watcher consumer"      daemon [_thread_blocked, id=15664, stack(0x000000f173400000,0x000000f173500000) (1024K)]
  0x000002995b50aaf0 JavaThread "jar transforms"                    [_thread_blocked, id=23984, stack(0x000000f173500000,0x000000f173600000) (1024K)]
  0x000002995b50b2c0 JavaThread "jar transforms Thread 2"           [_thread_blocked, id=17280, stack(0x000000f173600000,0x000000f173700000) (1024K)]
  0x000002995b50c260 JavaThread "jar transforms Thread 3"           [_thread_blocked, id=20300, stack(0x000000f173700000,0x000000f173800000) (1024K)]
  0x000002995caf5e80 JavaThread "jar transforms Thread 4"           [_thread_blocked, id=14376, stack(0x000000f173800000,0x000000f173900000) (1024K)]
  0x000002995caf56b0 JavaThread "jar transforms Thread 5"           [_thread_blocked, id=24792, stack(0x000000f173900000,0x000000f173a00000) (1024K)]
  0x000002995caf7dc0 JavaThread "jar transforms Thread 6"           [_thread_blocked, id=21112, stack(0x000000f173a00000,0x000000f173b00000) (1024K)]
  0x000002995caf8590 JavaThread "jar transforms Thread 7"           [_thread_blocked, id=17804, stack(0x000000f173b00000,0x000000f173c00000) (1024K)]
  0x000002995cafa4d0 JavaThread "jar transforms Thread 8"           [_thread_blocked, id=18108, stack(0x000000f173c00000,0x000000f173d00000) (1024K)]
  0x000002995caf8d60 JavaThread "jar transforms Thread 9"           [_thread_blocked, id=21852, stack(0x000000f173d00000,0x000000f173e00000) (1024K)]
  0x000002995cafb470 JavaThread "jar transforms Thread 10"          [_thread_blocked, id=8468, stack(0x000000f173e00000,0x000000f173f00000) (1024K)]
  0x000002995cafc410 JavaThread "jar transforms Thread 11"          [_thread_blocked, id=13868, stack(0x000000f173f00000,0x000000f174000000) (1024K)]
  0x000002995b210720 JavaThread "jar transforms Thread 12"          [_thread_blocked, id=22432, stack(0x000000f174000000,0x000000f174100000) (1024K)]
  0x000002995b20ff50 JavaThread "jar transforms Thread 13"          [_thread_blocked, id=20072, stack(0x000000f174100000,0x000000f174200000) (1024K)]
  0x000002995b20efb0 JavaThread "jar transforms Thread 14"          [_thread_blocked, id=22600, stack(0x000000f174200000,0x000000f174300000) (1024K)]
  0x000002995b20d840 JavaThread "jar transforms Thread 15"          [_thread_blocked, id=15304, stack(0x000000f174300000,0x000000f174400000) (1024K)]
  0x000002995b20e010 JavaThread "jar transforms Thread 16"          [_thread_blocked, id=23160, stack(0x000000f174400000,0x000000f174500000) (1024K)]
  0x000002995b20f780 JavaThread "Cache worker for file content cache (C:\Users\jerin\.gradle\caches\9.6.0\fileContent)"        [_thread_blocked, id=18960, stack(0x000000f174600000,0x000000f174700000) (1024K)]
  0x000002995b2145a0 JavaThread "Cache worker for checksums cache (C:\Users\jerin\AndroidStudioProjects\MobilityLensAssignment1\.gradle\9.6.0\checksums)"        [_thread_blocked, id=2264, stack(0x000000f174700000,0x000000f174800000) (1024K)]
  0x000002995b61db00 JavaThread "Cache worker for cache directory md-supplier (C:\Users\jerin\.gradle\caches\9.6.0\md-supplier)"        [_thread_blocked, id=11468, stack(0x000000f174800000,0x000000f174900000) (1024K)]
  0x000002995b620210 JavaThread "Cache worker for cache directory md-rule (C:\Users\jerin\.gradle\caches\9.6.0\md-rule)"        [_thread_blocked, id=16716, stack(0x000000f174900000,0x000000f174a00000) (1024K)]
  0x000002995b622920 JavaThread "Build operations"                  [_thread_blocked, id=15224, stack(0x000000f171500000,0x000000f171600000) (1024K)]
  0x000002995b6238c0 JavaThread "Build operations Thread 2"         [_thread_blocked, id=7144, stack(0x000000f174500000,0x000000f174600000) (1024K)]
  0x000002995b624090 JavaThread "Build operations Thread 3"         [_thread_blocked, id=9444, stack(0x000000f174a00000,0x000000f174b00000) (1024K)]
  0x000002995b621980 JavaThread "Build operations Thread 4"         [_thread_blocked, id=2260, stack(0x000000f174b00000,0x000000f174c00000) (1024K)]
  0x000002995b6d71d0 JavaThread "Build operations Thread 5"         [_thread_blocked, id=20464, stack(0x000000f174c00000,0x000000f174d00000) (1024K)]
  0x000002995b6d98e0 JavaThread "Build operations Thread 6"         [_thread_blocked, id=12364, stack(0x000000f174d00000,0x000000f174e00000) (1024K)]
  0x000002995b6d8940 JavaThread "Build operations Thread 7"         [_thread_blocked, id=7732, stack(0x000000f174e00000,0x000000f174f00000) (1024K)]
  0x000002995b6da880 JavaThread "Build operations Thread 8"         [_thread_blocked, id=18576, stack(0x000000f174f00000,0x000000f175000000) (1024K)]
  0x000002995b6d8170 JavaThread "Build operations Thread 9"         [_thread_blocked, id=10464, stack(0x000000f175000000,0x000000f175100000) (1024K)]
  0x000002995b6dc7c0 JavaThread "Build operations Thread 10"        [_thread_blocked, id=9156, stack(0x000000f175100000,0x000000f175200000) (1024K)]
  0x000002995b6ddf30 JavaThread "Build operations Thread 11"        [_thread_blocked, id=15032, stack(0x000000f175200000,0x000000f175300000) (1024K)]
  0x000002995b6dd760 JavaThread "Build operations Thread 12"        [_thread_blocked, id=6904, stack(0x000000f175300000,0x000000f175400000) (1024K)]
  0x000002995c942c00 JavaThread "Build operations Thread 13"        [_thread_blocked, id=25472, stack(0x000000f175400000,0x000000f175500000) (1024K)]
  0x000002995c945310 JavaThread "Build operations Thread 14"        [_thread_blocked, id=12468, stack(0x000000f175500000,0x000000f175600000) (1024K)]
  0x000002995c942430 JavaThread "Build operations Thread 15"        [_thread_blocked, id=9504, stack(0x000000f175600000,0x000000f175700000) (1024K)]
  0x000002995c9433d0 JavaThread "Build operations Thread 16"        [_thread_blocked, id=23440, stack(0x000000f175700000,0x000000f175800000) (1024K)]
  0x000002995c94a900 JavaThread "Memory manager"                    [_thread_blocked, id=22208, stack(0x000000f175800000,0x000000f175900000) (1024K)]
  0x000002995dbf2aa0 JavaThread "C2 CompilerThread1"         daemon [_thread_in_native, id=3952, stack(0x000000f171400000,0x000000f171500000) (1024K)]
  0x000002995d1665e0 JavaThread "C2 CompilerThread2"         daemon [_thread_blocked, id=4528, stack(0x000000f175900000,0x000000f175a00000) (1024K)]
Total: 70

Other Threads:
  0x000002995330b650 VMThread "VM Thread"                           [id=9104, stack(0x000000f170600000,0x000000f170700000) (1024K)]
  0x00000299532cd350 WatcherThread "VM Periodic Task Thread"        [id=11736, stack(0x000000f170500000,0x000000f170600000) (1024K)]
  0x000002993b0c1560 WorkerThread "GC Thread#0"                     [id=22588, stack(0x000000f170000000,0x000000f170100000) (1024K)]
  0x000002995927d6e0 WorkerThread "GC Thread#1"                     [id=10696, stack(0x000000f171700000,0x000000f171800000) (1024K)]
  0x000002995927db10 WorkerThread "GC Thread#2"                     [id=3544, stack(0x000000f171800000,0x000000f171900000) (1024K)]
  0x000002995927df40 WorkerThread "GC Thread#3"                     [id=17472, stack(0x000000f171900000,0x000000f171a00000) (1024K)]
  0x000002995927eb90 WorkerThread "GC Thread#4"                     [id=16648, stack(0x000000f171a00000,0x000000f171b00000) (1024K)]
  0x0000029959229550 WorkerThread "GC Thread#5"                     [id=19224, stack(0x000000f171b00000,0x000000f171c00000) (1024K)]
  0x00000299592272d0 WorkerThread "GC Thread#6"                     [id=12780, stack(0x000000f172100000,0x000000f172200000) (1024K)]
  0x0000029959227b70 WorkerThread "GC Thread#7"                     [id=15952, stack(0x000000f172200000,0x000000f172300000) (1024K)]
  0x0000029959228410 WorkerThread "GC Thread#8"                     [id=13764, stack(0x000000f172300000,0x000000f172400000) (1024K)]
  0x000002995acbad70 WorkerThread "GC Thread#9"                     [id=10628, stack(0x000000f172400000,0x000000f172500000) (1024K)]
  0x000002995acbb1c0 WorkerThread "GC Thread#10"                    [id=21672, stack(0x000000f172500000,0x000000f172600000) (1024K)]
  0x000002995acba920 WorkerThread "GC Thread#11"                    [id=14108, stack(0x000000f172600000,0x000000f172700000) (1024K)]
  0x000002995acba080 WorkerThread "GC Thread#12"                    [id=3580, stack(0x000000f172700000,0x000000f172800000) (1024K)]
  0x000002993b0da630 ConcurrentGCThread "G1 Main Marker"            [id=23588, stack(0x000000f170100000,0x000000f170200000) (1024K)]
  0x000002993b0dc0b0 WorkerThread "G1 Conc#0"                       [id=13156, stack(0x000000f170200000,0x000000f170300000) (1024K)]
  0x000002995acbb610 WorkerThread "G1 Conc#1"                       [id=23048, stack(0x000000f172800000,0x000000f172900000) (1024K)]
  0x000002995acba4d0 WorkerThread "G1 Conc#2"                       [id=9172, stack(0x000000f172900000,0x000000f172a00000) (1024K)]
  0x0000029953196ef0 ConcurrentGCThread "G1 Refine#0"               [id=10352, stack(0x000000f170300000,0x000000f170400000) (1024K)]
  0x00000299531975b0 ConcurrentGCThread "G1 Service"                [id=21284, stack(0x000000f170400000,0x000000f170500000) (1024K)]
Total: 21

Threads with active compile tasks:
C2 CompilerThread0  12164 10767       4       org.objectweb.asm.ClassReader::readUtf (44 bytes)
C2 CompilerThread1  12164 10754       4       org.gradle.internal.instantiation.generator.AbstractClassGenerator::inspectType (602 bytes)
C2 CompilerThread2  12164 10773       4       sun.nio.fs.WindowsFileSystem::getPath (106 bytes)
Total: 3

VM state: at safepoint (normal execution)

VM Mutex/Monitor currently owned by a thread:  ([mutex/lock_event])
[0x00007ffdd2b37928] Threads_lock - owner thread: 0x000002995330b650
[0x00007ffdd2b37aa8] Heap_lock - owner thread: 0x000002993b0da630

Heap address: 0x0000000080000000, size: 2048 MB, Compressed Oops mode: 32-bit

CDS archive(s) not mapped
Compressed class space mapped at: 0x0000000029000000-0x0000000069000000, reserved size: 1073741824
UseCompressedClassPointers 1, UseCompactObjectHeaders 0
Narrow klass pointer bits 32, Max shift 3
Narrow klass base: 0x0000000000000000, Narrow klass shift: 0
Encoding Range: [0x0000000000000000 - 0x0000000100000000), (4294967296 bytes)
Klass Range:    [0x0000000029000000 - 0x0000000069000000), (1073741824 bytes)
Klass ID Range:  [687865856 - 1761607673) (1073741817)
No protection zone.

GC Precious Log:
 CardTable entry size: 512
 Card Set container configuration: InlinePtr #cards 5 size 8 Array Of Cards #cards 10 size 36 Howl #buckets 4 coarsen threshold 1843 Howl Bitmap #cards 512 size 80 coarsen threshold 460 Card regions per heap region 1 cards per card region 2048
 CPUs: 16 total, 16 available
 Memory: 16253M
 Large Page Support: Disabled
 NUMA Support: Disabled
 Compressed Oops: Enabled (32-bit)
 Heap Region Size: 1M
 Heap Min Capacity: 8M
 Heap Initial Capacity: 254M
 Heap Max Capacity: 2G
 Pre-touch: Disabled
 Parallel Workers: 13
 Concurrent Workers: 3
 Concurrent Refinement Workers: 13
 Periodic GC: Disabled

Heap:
 garbage-first heap   total reserved 2097152K, committed 162816K, used 107451K [0x0000000080000000, 0x0000000100000000)
  region size 1024K, 6 young (6144K), 4 survivors (4096K)

Heap Regions: E=young(eden), S=young(survivor), O=old, HS=humongous(starts), HC=humongous(continues), CS=collection set, F=free, TAMS=top-at-mark-start, PB=parsable bottom
|   0|0x0000000080000000, 0x0000000080100000, 0x0000000080100000|100%|HS|  |TAMS 0x0000000080100000| PB 0x0000000080000000| Complete |  0
|   1|0x0000000080100000, 0x0000000080200000, 0x0000000080200000|100%|HC|  |TAMS 0x0000000080200000| PB 0x0000000080100000| Complete |  0
|   2|0x0000000080200000, 0x0000000080300000, 0x0000000080300000|100%|HC|  |TAMS 0x0000000080300000| PB 0x0000000080200000| Complete |  0
|   3|0x0000000080300000, 0x0000000080400000, 0x0000000080400000|100%|HC|  |TAMS 0x0000000080400000| PB 0x0000000080300000| Complete |  0
|   4|0x0000000080400000, 0x0000000080500000, 0x0000000080500000|100%| O|  |TAMS 0x0000000080500000| PB 0x0000000080500000| Untracked |  0
|   5|0x0000000080500000, 0x0000000080600000, 0x0000000080600000|100%| O|  |TAMS 0x0000000080600000| PB 0x0000000080600000| Untracked |  0
|   6|0x0000000080600000, 0x0000000080700000, 0x0000000080700000|100%| O|  |TAMS 0x0000000080700000| PB 0x0000000080700000| Untracked |  0
|   7|0x0000000080700000, 0x0000000080800000, 0x0000000080800000|100%|HS|  |TAMS 0x0000000080800000| PB 0x0000000080700000| Complete |  0
|   8|0x0000000080800000, 0x0000000080900000, 0x0000000080900000|100%| O|  |TAMS 0x0000000080900000| PB 0x0000000080900000| Untracked |  0
|   9|0x0000000080900000, 0x0000000080a00000, 0x0000000080a00000|100%| O|  |TAMS 0x0000000080a00000| PB 0x0000000080a00000| Untracked |  0
|  10|0x0000000080a00000, 0x0000000080b00000, 0x0000000080b00000|100%| O|  |TAMS 0x0000000080b00000| PB 0x0000000080b00000| Untracked |  0
|  11|0x0000000080b00000, 0x0000000080c00000, 0x0000000080c00000|100%| O|  |TAMS 0x0000000080c00000| PB 0x0000000080c00000| Untracked |  0
|  12|0x0000000080c00000, 0x0000000080d00000, 0x0000000080d00000|100%| O|  |TAMS 0x0000000080d00000| PB 0x0000000080d00000| Untracked |  0
|  13|0x0000000080d00000, 0x0000000080e00000, 0x0000000080e00000|100%| O|  |TAMS 0x0000000080d00000| PB 0x0000000080d00000| Untracked |  0
|  14|0x0000000080e00000, 0x0000000080f00000, 0x0000000080f00000|100%| O|  |TAMS 0x0000000080f00000| PB 0x0000000080f00000| Untracked |  0
|  15|0x0000000080f00000, 0x0000000081000000, 0x0000000081000000|100%| O|  |TAMS 0x0000000081000000| PB 0x0000000081000000| Untracked |  0
|  16|0x0000000081000000, 0x0000000081100000, 0x0000000081100000|100%| O|  |TAMS 0x0000000081100000| PB 0x0000000081100000| Untracked |  0
|  17|0x0000000081100000, 0x0000000081200000, 0x0000000081200000|100%| O|  |TAMS 0x0000000081200000| PB 0x0000000081200000| Untracked |  0
|  18|0x0000000081200000, 0x0000000081300000, 0x0000000081300000|100%|HS|  |TAMS 0x0000000081300000| PB 0x0000000081200000| Complete |  0
|  19|0x0000000081300000, 0x0000000081400000, 0x0000000081400000|100%|HC|  |TAMS 0x0000000081400000| PB 0x0000000081300000| Complete |  0
|  20|0x0000000081400000, 0x0000000081500000, 0x0000000081500000|100%|HC|  |TAMS 0x0000000081500000| PB 0x0000000081400000| Complete |  0
|  21|0x0000000081500000, 0x0000000081600000, 0x0000000081600000|100%|HC|  |TAMS 0x0000000081600000| PB 0x0000000081500000| Complete |  0
|  22|0x0000000081600000, 0x0000000081700000, 0x0000000081700000|100%|HC|  |TAMS 0x0000000081700000| PB 0x0000000081600000| Complete |  0
|  23|0x0000000081700000, 0x0000000081800000, 0x0000000081800000|100%|HC|  |TAMS 0x0000000081800000| PB 0x0000000081700000| Complete |  0
|  24|0x0000000081800000, 0x0000000081900000, 0x0000000081900000|100%|HS|  |TAMS 0x0000000081900000| PB 0x0000000081800000| Complete |  0
|  25|0x0000000081900000, 0x0000000081a00000, 0x0000000081a00000|100%|HS|  |TAMS 0x0000000081a00000| PB 0x0000000081900000| Complete |  0
|  26|0x0000000081a00000, 0x0000000081b00000, 0x0000000081b00000|100%|HS|  |TAMS 0x0000000081b00000| PB 0x0000000081a00000| Complete |  0
|  27|0x0000000081b00000, 0x0000000081c00000, 0x0000000081c00000|100%|HC|  |TAMS 0x0000000081c00000| PB 0x0000000081b00000| Complete |  0
|  28|0x0000000081c00000, 0x0000000081d00000, 0x0000000081d00000|100%|HC|  |TAMS 0x0000000081d00000| PB 0x0000000081c00000| Complete |  0
|  29|0x0000000081d00000, 0x0000000081e00000, 0x0000000081e00000|100%|HC|  |TAMS 0x0000000081e00000| PB 0x0000000081d00000| Complete |  0
|  30|0x0000000081e00000, 0x0000000081f00000, 0x0000000081f00000|100%|HC|  |TAMS 0x0000000081f00000| PB 0x0000000081e00000| Complete |  0
|  31|0x0000000081f00000, 0x0000000082000000, 0x0000000082000000|100%|HC|  |TAMS 0x0000000082000000| PB 0x0000000081f00000| Complete |  0
|  32|0x0000000082000000, 0x0000000082100000, 0x0000000082100000|100%|HS|  |TAMS 0x0000000082100000| PB 0x0000000082000000| Complete |  0
|  33|0x0000000082100000, 0x0000000082200000, 0x0000000082200000|100%|HS|  |TAMS 0x0000000082200000| PB 0x0000000082100000| Complete |  0
|  34|0x0000000082200000, 0x0000000082300000, 0x0000000082300000|100%| O|  |TAMS 0x0000000082300000| PB 0x0000000082300000| Untracked |  0
|  35|0x0000000082300000, 0x0000000082400000, 0x0000000082400000|100%| O|  |TAMS 0x0000000082400000| PB 0x0000000082400000| Untracked |  0
|  36|0x0000000082400000, 0x0000000082500000, 0x0000000082500000|100%| O|  |TAMS 0x0000000082500000| PB 0x0000000082500000| Untracked |  0
|  37|0x0000000082500000, 0x0000000082600000, 0x0000000082600000|100%| O|  |TAMS 0x0000000082600000| PB 0x0000000082600000| Untracked |  0
|  38|0x0000000082600000, 0x0000000082700000, 0x0000000082700000|100%| O|  |TAMS 0x0000000082700000| PB 0x0000000082700000| Untracked |  0
|  39|0x0000000082700000, 0x0000000082800000, 0x0000000082800000|100%| O|  |TAMS 0x0000000082800000| PB 0x0000000082800000| Untracked |  0
|  40|0x0000000082800000, 0x0000000082900000, 0x0000000082900000|100%| O|  |TAMS 0x0000000082900000| PB 0x0000000082900000| Untracked |  0
|  41|0x0000000082900000, 0x0000000082a00000, 0x0000000082a00000|100%| O|  |TAMS 0x0000000082900000| PB 0x0000000082900000| Untracked |  0
|  42|0x0000000082a00000, 0x0000000082b00000, 0x0000000082b00000|100%| O|Cm|TAMS 0x0000000082b00000| PB 0x0000000082b00000| Updating |  0
|  43|0x0000000082b00000, 0x0000000082c00000, 0x0000000082c00000|100%| O|  |TAMS 0x0000000082c00000| PB 0x0000000082c00000| Untracked |  0
|  44|0x0000000082c00000, 0x0000000082d00000, 0x0000000082d00000|100%| O|  |TAMS 0x0000000082d00000| PB 0x0000000082d00000| Untracked |  0
|  45|0x0000000082d00000, 0x0000000082e00000, 0x0000000082e00000|100%| O|  |TAMS 0x0000000082e00000| PB 0x0000000082e00000| Untracked |  0
|  46|0x0000000082e00000, 0x0000000082f00000, 0x0000000082f00000|100%| O|  |TAMS 0x0000000082f00000| PB 0x0000000082f00000| Untracked |  0
|  47|0x0000000082f00000, 0x0000000083000000, 0x0000000083000000|100%| O|  |TAMS 0x0000000083000000| PB 0x0000000083000000| Untracked |  0
|  48|0x0000000083000000, 0x0000000083100000, 0x0000000083100000|100%| O|  |TAMS 0x0000000083100000| PB 0x0000000083100000| Untracked |  0
|  49|0x0000000083100000, 0x0000000083200000, 0x0000000083200000|100%| O|  |TAMS 0x0000000083200000| PB 0x0000000083200000| Untracked |  0
|  50|0x0000000083200000, 0x0000000083300000, 0x0000000083300000|100%| O|  |TAMS 0x0000000083300000| PB 0x0000000083300000| Untracked |  0
|  51|0x0000000083300000, 0x0000000083400000, 0x0000000083400000|100%| O|  |TAMS 0x0000000083400000| PB 0x0000000083400000| Untracked |  0
|  52|0x0000000083400000, 0x0000000083500000, 0x0000000083500000|100%| O|  |TAMS 0x0000000083500000| PB 0x0000000083500000| Untracked |  0
|  53|0x0000000083500000, 0x0000000083600000, 0x0000000083600000|100%| O|  |TAMS 0x0000000083600000| PB 0x0000000083600000| Untracked |  0
|  54|0x0000000083600000, 0x0000000083700000, 0x0000000083700000|100%| O|  |TAMS 0x0000000083700000| PB 0x0000000083700000| Untracked |  0
|  55|0x0000000083700000, 0x0000000083800000, 0x0000000083800000|100%| O|  |TAMS 0x0000000083800000| PB 0x0000000083800000| Untracked |  0
|  56|0x0000000083800000, 0x0000000083900000, 0x0000000083900000|100%|HS|  |TAMS 0x0000000083900000| PB 0x0000000083800000| Complete |  0
|  57|0x0000000083900000, 0x0000000083a00000, 0x0000000083a00000|100%| O|  |TAMS 0x0000000083a00000| PB 0x0000000083a00000| Untracked |  0
|  58|0x0000000083a00000, 0x0000000083b00000, 0x0000000083b00000|100%| O|  |TAMS 0x0000000083b00000| PB 0x0000000083b00000| Untracked |  0
|  59|0x0000000083b00000, 0x0000000083c00000, 0x0000000083c00000|100%| O|  |TAMS 0x0000000083c00000| PB 0x0000000083c00000| Untracked |  0
|  60|0x0000000083c00000, 0x0000000083d00000, 0x0000000083d00000|100%| O|  |TAMS 0x0000000083d00000| PB 0x0000000083d00000| Untracked |  0
|  61|0x0000000083d00000, 0x0000000083e00000, 0x0000000083e00000|100%|HS|  |TAMS 0x0000000083e00000| PB 0x0000000083d00000| Complete |  0
|  62|0x0000000083e00000, 0x0000000083f00000, 0x0000000083f00000|100%|HS|  |TAMS 0x0000000083f00000| PB 0x0000000083e00000| Complete |  0
|  63|0x0000000083f00000, 0x0000000084000000, 0x0000000084000000|100%|HS|  |TAMS 0x0000000084000000| PB 0x0000000083f00000| Complete |  0
|  64|0x0000000084000000, 0x0000000084100000, 0x0000000084100000|100%| O|  |TAMS 0x0000000084000000| PB 0x0000000084000000| Untracked |  0
|  65|0x0000000084100000, 0x0000000084200000, 0x0000000084200000|100%|HS|  |TAMS 0x0000000084200000| PB 0x0000000084100000| Complete |  0
|  66|0x0000000084200000, 0x0000000084300000, 0x0000000084300000|100%|HC|  |TAMS 0x0000000084300000| PB 0x0000000084200000| Complete |  0
|  67|0x0000000084300000, 0x0000000084400000, 0x0000000084400000|100%|HS|  |TAMS 0x0000000084400000| PB 0x0000000084300000| Complete |  0
|  68|0x0000000084400000, 0x0000000084500000, 0x0000000084500000|100%|HS|  |TAMS 0x0000000084500000| PB 0x0000000084400000| Complete |  0
|  69|0x0000000084500000, 0x0000000084600000, 0x0000000084600000|100%| O|  |TAMS 0x0000000084600000| PB 0x0000000084600000| Untracked |  0
|  70|0x0000000084600000, 0x0000000084700000, 0x0000000084700000|100%|HS|  |TAMS 0x0000000084700000| PB 0x0000000084600000| Complete |  0
|  71|0x0000000084700000, 0x0000000084800000, 0x0000000084800000|100%|HS|  |TAMS 0x0000000084800000| PB 0x0000000084700000| Complete |  0
|  72|0x0000000084800000, 0x0000000084900000, 0x0000000084900000|100%| O|  |TAMS 0x0000000084900000| PB 0x0000000084900000| Untracked |  0
|  73|0x0000000084900000, 0x0000000084a00000, 0x0000000084a00000|100%| O|  |TAMS 0x0000000084a00000| PB 0x0000000084a00000| Untracked |  0
|  74|0x0000000084a00000, 0x0000000084b00000, 0x0000000084b00000|100%|HS|  |TAMS 0x0000000084b00000| PB 0x0000000084a00000| Complete |  0
|  75|0x0000000084b00000, 0x0000000084c00000, 0x0000000084c00000|100%|HC|  |TAMS 0x0000000084c00000| PB 0x0000000084b00000| Complete |  0
|  76|0x0000000084c00000, 0x0000000084d00000, 0x0000000084d00000|100%| O|  |TAMS 0x0000000084c00000| PB 0x0000000084c00000| Untracked |  0
|  77|0x0000000084d00000, 0x0000000084e00000, 0x0000000084e00000|100%| O|  |TAMS 0x0000000084d00000| PB 0x0000000084d00000| Untracked |  0
|  78|0x0000000084e00000, 0x0000000084f00000, 0x0000000084f00000|100%| O|  |TAMS 0x0000000084e00000| PB 0x0000000084e00000| Untracked |  0
|  79|0x0000000084f00000, 0x0000000085000000, 0x0000000085000000|100%|HS|  |TAMS 0x0000000085000000| PB 0x0000000084f00000| Complete |  0
|  80|0x0000000085000000, 0x0000000085100000, 0x0000000085100000|100%| O|  |TAMS 0x0000000085100000| PB 0x0000000085100000| Untracked |  0
|  81|0x0000000085100000, 0x0000000085200000, 0x0000000085200000|100%| O|  |TAMS 0x0000000085200000| PB 0x0000000085200000| Untracked |  0
|  82|0x0000000085200000, 0x0000000085300000, 0x0000000085300000|100%| O|  |TAMS 0x0000000085300000| PB 0x0000000085300000| Untracked |  0
|  83|0x0000000085300000, 0x0000000085400000, 0x0000000085400000|100%| O|  |TAMS 0x0000000085400000| PB 0x0000000085400000| Untracked |  0
|  84|0x0000000085400000, 0x0000000085500000, 0x0000000085500000|100%| O|  |TAMS 0x0000000085500000| PB 0x0000000085500000| Untracked |  0
|  85|0x0000000085500000, 0x0000000085600000, 0x0000000085600000|100%| O|  |TAMS 0x0000000085600000| PB 0x0000000085600000| Untracked |  0
|  86|0x0000000085600000, 0x0000000085700000, 0x0000000085700000|100%| O|  |TAMS 0x0000000085700000| PB 0x0000000085700000| Untracked |  0
|  87|0x0000000085700000, 0x0000000085800000, 0x0000000085800000|100%| O|Cm|TAMS 0x0000000085800000| PB 0x0000000085800000| Updating |  0
|  88|0x0000000085800000, 0x0000000085900000, 0x0000000085900000|100%| O|  |TAMS 0x00000000858ae2d8| PB 0x00000000858ae2d8| Untracked |  0
|  89|0x0000000085900000, 0x0000000085900000, 0x0000000085a00000|  0%| F|  |TAMS 0x0000000085900000| PB 0x0000000085900000| Untracked |  0
|  90|0x0000000085a00000, 0x0000000085a00000, 0x0000000085b00000|  0%| F|  |TAMS 0x0000000085a00000| PB 0x0000000085a00000| Untracked |  0
|  91|0x0000000085b00000, 0x0000000085b00000, 0x0000000085c00000|  0%| F|  |TAMS 0x0000000085b00000| PB 0x0000000085b00000| Untracked |  0
|  92|0x0000000085c00000, 0x0000000085c00000, 0x0000000085d00000|  0%| F|  |TAMS 0x0000000085c00000| PB 0x0000000085c00000| Untracked |  0
|  93|0x0000000085d00000, 0x0000000085d00000, 0x0000000085e00000|  0%| F|  |TAMS 0x0000000085d00000| PB 0x0000000085d00000| Untracked |  0
|  94|0x0000000085e00000, 0x0000000085e00000, 0x0000000085f00000|  0%| F|  |TAMS 0x0000000085e00000| PB 0x0000000085e00000| Untracked |  0
|  95|0x0000000085f00000, 0x0000000085f00000, 0x0000000086000000|  0%| F|  |TAMS 0x0000000085f00000| PB 0x0000000085f00000| Untracked |  0
|  96|0x0000000086000000, 0x00000000860da060, 0x0000000086100000| 85%| O|  |TAMS 0x0000000086000000| PB 0x0000000086000000| Untracked |  0
|  97|0x0000000086100000, 0x0000000086100000, 0x0000000086200000|  0%| F|  |TAMS 0x0000000086100000| PB 0x0000000086100000| Untracked |  0
|  98|0x0000000086200000, 0x0000000086200000, 0x0000000086300000|  0%| F|  |TAMS 0x0000000086200000| PB 0x0000000086200000| Untracked |  0
|  99|0x0000000086300000, 0x0000000086314d20, 0x0000000086400000|  8%| S|CS|TAMS 0x0000000086300000| PB 0x0000000086300000| Complete |  0
| 100|0x0000000086400000, 0x0000000086500000, 0x0000000086500000|100%| S|CS|TAMS 0x0000000086400000| PB 0x0000000086400000| Complete |  0
| 101|0x0000000086500000, 0x0000000086600000, 0x0000000086600000|100%| S|CS|TAMS 0x0000000086500000| PB 0x0000000086500000| Complete |  0
| 102|0x0000000086600000, 0x0000000086700000, 0x0000000086700000|100%| S|CS|TAMS 0x0000000086600000| PB 0x0000000086600000| Complete |  0
| 103|0x0000000086700000, 0x0000000086700000, 0x0000000086800000|  0%| F|  |TAMS 0x0000000086700000| PB 0x0000000086700000| Untracked |  0
| 104|0x0000000086800000, 0x0000000086800000, 0x0000000086900000|  0%| F|  |TAMS 0x0000000086800000| PB 0x0000000086800000| Untracked |  0
| 105|0x0000000086900000, 0x0000000086900000, 0x0000000086a00000|  0%| F|  |TAMS 0x0000000086900000| PB 0x0000000086900000| Untracked |  0
| 106|0x0000000086a00000, 0x0000000086a00000, 0x0000000086b00000|  0%| F|  |TAMS 0x0000000086a00000| PB 0x0000000086a00000| Untracked |  0
| 107|0x0000000086b00000, 0x0000000086b00000, 0x0000000086c00000|  0%| F|  |TAMS 0x0000000086b00000| PB 0x0000000086b00000| Untracked |  0
| 108|0x0000000086c00000, 0x0000000086c00000, 0x0000000086d00000|  0%| F|  |TAMS 0x0000000086c00000| PB 0x0000000086c00000| Untracked |  0
| 109|0x0000000086d00000, 0x0000000086d00000, 0x0000000086e00000|  0%| F|  |TAMS 0x0000000086d00000| PB 0x0000000086d00000| Untracked |  0
| 110|0x0000000086e00000, 0x0000000086e00000, 0x0000000086f00000|  0%| F|  |TAMS 0x0000000086e00000| PB 0x0000000086e00000| Untracked |  0
| 111|0x0000000086f00000, 0x0000000086f00000, 0x0000000087000000|  0%| F|  |TAMS 0x0000000086f00000| PB 0x0000000086f00000| Untracked |  0
| 112|0x0000000087000000, 0x0000000087000000, 0x0000000087100000|  0%| F|  |TAMS 0x0000000087000000| PB 0x0000000087000000| Untracked |  0
| 113|0x0000000087100000, 0x0000000087100000, 0x0000000087200000|  0%| F|  |TAMS 0x0000000087100000| PB 0x0000000087100000| Untracked |  0
| 114|0x0000000087200000, 0x0000000087200000, 0x0000000087300000|  0%| F|  |TAMS 0x0000000087200000| PB 0x0000000087200000| Untracked |  0
| 115|0x0000000087300000, 0x0000000087300000, 0x0000000087400000|  0%| F|  |TAMS 0x0000000087300000| PB 0x0000000087300000| Untracked |  0
| 116|0x0000000087400000, 0x0000000087400000, 0x0000000087500000|  0%| F|  |TAMS 0x0000000087400000| PB 0x0000000087400000| Untracked |  0
| 117|0x0000000087500000, 0x0000000087500000, 0x0000000087600000|  0%| F|  |TAMS 0x0000000087500000| PB 0x0000000087500000| Untracked |  0
| 118|0x0000000087600000, 0x0000000087600000, 0x0000000087700000|  0%| F|  |TAMS 0x0000000087600000| PB 0x0000000087600000| Untracked |  0
| 119|0x0000000087700000, 0x0000000087700000, 0x0000000087800000|  0%| F|  |TAMS 0x0000000087700000| PB 0x0000000087700000| Untracked |  0
| 120|0x0000000087800000, 0x0000000087800000, 0x0000000087900000|  0%| F|  |TAMS 0x0000000087800000| PB 0x0000000087800000| Untracked |  0
| 121|0x0000000087900000, 0x0000000087900000, 0x0000000087a00000|  0%| F|  |TAMS 0x0000000087900000| PB 0x0000000087900000| Untracked |  0
| 122|0x0000000087a00000, 0x0000000087a00000, 0x0000000087b00000|  0%| F|  |TAMS 0x0000000087a00000| PB 0x0000000087a00000| Untracked |  0
| 123|0x0000000087b00000, 0x0000000087b00000, 0x0000000087c00000|  0%| F|  |TAMS 0x0000000087b00000| PB 0x0000000087b00000| Untracked |  0
| 124|0x0000000087c00000, 0x0000000087c00000, 0x0000000087d00000|  0%| F|  |TAMS 0x0000000087c00000| PB 0x0000000087c00000| Untracked |  0
| 125|0x0000000087d00000, 0x0000000087d00000, 0x0000000087e00000|  0%| F|  |TAMS 0x0000000087d00000| PB 0x0000000087d00000| Untracked |  0
| 126|0x0000000087e00000, 0x0000000087e00000, 0x0000000087f00000|  0%| F|  |TAMS 0x0000000087e00000| PB 0x0000000087e00000| Untracked |  0
| 127|0x0000000087f00000, 0x0000000087f00000, 0x0000000088000000|  0%| F|  |TAMS 0x0000000087f00000| PB 0x0000000087f00000| Untracked |  0
| 128|0x0000000088000000, 0x0000000088000000, 0x0000000088100000|  0%| F|  |TAMS 0x0000000088000000| PB 0x0000000088000000| Untracked |  0
| 129|0x0000000088100000, 0x0000000088100000, 0x0000000088200000|  0%| F|  |TAMS 0x0000000088100000| PB 0x0000000088100000| Untracked |  0
| 130|0x0000000088200000, 0x0000000088200000, 0x0000000088300000|  0%| F|  |TAMS 0x0000000088200000| PB 0x0000000088200000| Untracked |  0
| 131|0x0000000088300000, 0x0000000088300000, 0x0000000088400000|  0%| F|  |TAMS 0x0000000088300000| PB 0x0000000088300000| Untracked |  0
| 132|0x0000000088400000, 0x0000000088400000, 0x0000000088500000|  0%| F|  |TAMS 0x0000000088400000| PB 0x0000000088400000| Untracked |  0
| 172|0x000000008ac00000, 0x000000008ac00000, 0x000000008ad00000|  0%| F|  |TAMS 0x000000008ac00000| PB 0x000000008ac00000| Untracked |  0
| 173|0x000000008ad00000, 0x000000008ad00000, 0x000000008ae00000|  0%| F|  |TAMS 0x000000008ad00000| PB 0x000000008ad00000| Untracked |  0
| 174|0x000000008ae00000, 0x000000008ae00000, 0x000000008af00000|  0%| F|  |TAMS 0x000000008ae00000| PB 0x000000008ae00000| Untracked |  0
| 175|0x000000008af00000, 0x000000008af00000, 0x000000008b000000|  0%| F|  |TAMS 0x000000008af00000| PB 0x000000008af00000| Untracked |  0
| 176|0x000000008b000000, 0x000000008b000000, 0x000000008b100000|  0%| F|  |TAMS 0x000000008b000000| PB 0x000000008b000000| Untracked |  0
| 177|0x000000008b100000, 0x000000008b100000, 0x000000008b200000|  0%| F|  |TAMS 0x000000008b100000| PB 0x000000008b100000| Untracked |  0
| 178|0x000000008b200000, 0x000000008b200000, 0x000000008b300000|  0%| F|  |TAMS 0x000000008b200000| PB 0x000000008b200000| Untracked |  0
| 179|0x000000008b300000, 0x000000008b300000, 0x000000008b400000|  0%| F|  |TAMS 0x000000008b300000| PB 0x000000008b300000| Untracked |  0
| 180|0x000000008b400000, 0x000000008b400000, 0x000000008b500000|  0%| F|  |TAMS 0x000000008b400000| PB 0x000000008b400000| Untracked |  0
| 181|0x000000008b500000, 0x000000008b500000, 0x000000008b600000|  0%| F|  |TAMS 0x000000008b500000| PB 0x000000008b500000| Untracked |  0
| 182|0x000000008b600000, 0x000000008b600000, 0x000000008b700000|  0%| F|  |TAMS 0x000000008b600000| PB 0x000000008b600000| Untracked |  0
| 183|0x000000008b700000, 0x000000008b700000, 0x000000008b800000|  0%| F|  |TAMS 0x000000008b700000| PB 0x000000008b700000| Untracked |  0
| 184|0x000000008b800000, 0x000000008b800000, 0x000000008b900000|  0%| F|  |TAMS 0x000000008b800000| PB 0x000000008b800000| Untracked |  0
| 253|0x000000008fd00000, 0x000000008fd814b0, 0x000000008fe00000| 50%| E|  |TAMS 0x000000008fd00000| PB 0x000000008fd00000| Complete |  0
|2036|0x00000000ff400000, 0x00000000ff500000, 0x00000000ff500000|100%| O|  |TAMS 0x00000000ff500000| PB 0x00000000ff500000| Untracked |  0
|2037|0x00000000ff500000, 0x00000000ff600000, 0x00000000ff600000|100%| O|  |TAMS 0x00000000ff600000| PB 0x00000000ff600000| Untracked |  0
|2038|0x00000000ff600000, 0x00000000ff700000, 0x00000000ff700000|100%| O|  |TAMS 0x00000000ff700000| PB 0x00000000ff700000| Untracked |  0
|2039|0x00000000ff700000, 0x00000000ff800000, 0x00000000ff800000|100%| E|CS|TAMS 0x00000000ff700000| PB 0x00000000ff700000| Complete |  0
|2040|0x00000000ff800000, 0x00000000ff900000, 0x00000000ff900000|100%| O|  |TAMS 0x00000000ff900000| PB 0x00000000ff900000| Untracked |  0
|2041|0x00000000ff900000, 0x00000000ffa00000, 0x00000000ffa00000|100%| O|  |TAMS 0x00000000ffa00000| PB 0x00000000ffa00000| Untracked |  0
|2042|0x00000000ffa00000, 0x00000000ffb00000, 0x00000000ffb00000|100%| O|  |TAMS 0x00000000ffb00000| PB 0x00000000ffb00000| Untracked |  0
|2043|0x00000000ffb00000, 0x00000000ffc00000, 0x00000000ffc00000|100%| O|  |TAMS 0x00000000ffc00000| PB 0x00000000ffc00000| Untracked |  0
|2044|0x00000000ffc00000, 0x00000000ffd00000, 0x00000000ffd00000|100%| O|  |TAMS 0x00000000ffd00000| PB 0x00000000ffd00000| Untracked |  0
|2045|0x00000000ffd00000, 0x00000000ffe00000, 0x00000000ffe00000|100%| O|  |TAMS 0x00000000ffe00000| PB 0x00000000ffe00000| Untracked |  0
|2046|0x00000000ffe00000, 0x00000000fff00000, 0x00000000fff00000|100%| O|  |TAMS 0x00000000fff00000| PB 0x00000000fff00000| Untracked |  0
|2047|0x00000000fff00000, 0x0000000100000000, 0x0000000100000000|100%| O|  |TAMS 0x0000000100000000| PB 0x0000000100000000| Untracked |  0

Card table byte_map: [0x000002994e2f0000,0x000002994e6f0000] _byte_map_base: 0x000002994def0000

Marking Bits: (CMBitMap*) 0x000002993b0c1cf0
 Bits: [0x000002994e6f0000, 0x00000299506f0000)

Polling page: 0x0000029938ee0000

Metaspace:
Metaspace        used 90934K, committed 92992K, reserved 1179648K
 class space     used 13301K, committed 14272K, reserved 1048576K

Usage:
  Non-class:     75.81 MB used.
      Class:     12.99 MB used.
       Both:     88.80 MB used.

Virtual space:
  Non-class space:      128.00 MB reserved,      76.88 MB ( 60%) committed,  2 nodes.
      Class space:        1.00 GB reserved,      13.94 MB (  1%) committed,  1 nodes.
             Both:        1.12 GB reserved,      90.81 MB (  8%) committed. 

Chunk freelists:
   Non-Class:  2.75 MB
       Class:  1.97 MB
        Both:  4.72 MB

MaxMetaspaceSize: unlimited
CompressedClassSpaceSize: 1.00 GB
Initial GC threshold: 21.00 MB
Current GC threshold: 135.31 MB
CDS: off
 - commit_granule_bytes: 65536.
 - commit_granule_words: 8192.
 - virtual_space_node_default_size: 8388608.
 - enlarge_chunks_in_place: 1.
UseCompressedClassPointers 1, UseCompactObjectHeaders 0
Narrow klass pointer bits 32, Max shift 3
Narrow klass base: 0x0000000000000000, Narrow klass shift: 0
Encoding Range: [0x0000000000000000 - 0x0000000100000000), (4294967296 bytes)
Klass Range:    [0x0000000029000000 - 0x0000000069000000), (1073741824 bytes)
Klass ID Range:  [687865856 - 1761607673) (1073741817)
No protection zone.


Internal statistics:

num_allocs_failed_limit: 6.
num_arena_births: 3872.
num_arena_deaths: 0.
num_vsnodes_births: 3.
num_vsnodes_deaths: 0.
num_space_committed: 1453.
num_space_uncommitted: 0.
num_chunks_returned_to_freelist: 6.
num_chunks_taken_from_freelist: 7550.
num_chunk_merges: 6.
num_chunk_splits: 4997.
num_chunks_enlarged: 3252.
num_inconsistent_stats: 0.

CodeHeap 'non-profiled nmethods': size=119168Kb used=3900Kb max_used=4075Kb free=115267Kb
 bounds [0x0000029946100000, 0x0000029946500000, 0x000002994d560000]
CodeHeap 'profiled nmethods': size=119168Kb used=13199Kb max_used=13510Kb free=105968Kb
 bounds [0x000002993e550000, 0x000002993f290000, 0x00000299459b0000]
CodeHeap 'non-nmethods': size=7488Kb used=3694Kb max_used=3786Kb free=3793Kb
 bounds [0x00000299459b0000, 0x0000029945d90000, 0x0000029946100000]
CodeCache: size=245824Kb, used=20793Kb, max_used=21371Kb, free=225028Kb
 total_blobs=10247, nmethods=9374, adapters=771, full_count=0
Compilation: enabled, stopped_count=0, restarted_count=0

Compilation events (20 events):
Event: 11.791 Thread 0x00000299538ce160 nmethod 10793 0x00000299464f4288 code [0x00000299464f4380, 0x00000299464f4448]
Event: 11.791 Thread 0x00000299538cc930 nmethod 10792 0x000002993f23c908 code [0x000002993f23ca00, 0x000002993f23cb70]
Event: 11.791 Thread 0x00000299538ce160 10794       3       com.google.common.base.Preconditions::checkNotNull (14 bytes)
Event: 11.792 Thread 0x00000299538cb910 10795       3       org.gradle.api.internal.DefaultDomainObjectCollection::assertCanMutate (14 bytes)
Event: 11.792 Thread 0x00000299538cb910 nmethod 10795 0x000002993f23cc08 code [0x000002993f23cd00, 0x000002993f23d138]
Event: 11.792 Thread 0x00000299538cb910 10796       3       org.gradle.api.internal.DefaultNamedDomainObjectCollection::findByNameWithoutRules (11 bytes)
Event: 11.792 Thread 0x00000299538cc930 10797       3       org.gradle.api.internal.provider.Providers::fixedValue (68 bytes)
Event: 11.793 Thread 0x00000299538cb910 nmethod 10796 0x000002993f23d188 code [0x000002993f23d280, 0x000002993f23d448]
Event: 11.793 Thread 0x00000299538cb910 10798       1       org.gradle.api.internal.collections.AbstractIterationOrderRetainingElementSource::getLazyBehaviorGuard (5 bytes)
Event: 11.793 Thread 0x00000299538cb910 nmethod 10798 0x00000299464f4588 code [0x00000299464f4680, 0x00000299464f4748]
Event: 11.793 Thread 0x00000299538cb910 10799       1       org.gradle.api.internal.project.ProjectIdentity::getProjectPath (5 bytes)
Event: 11.793 Thread 0x00000299538cb910 nmethod 10799 0x00000299464f4888 code [0x00000299464f4980, 0x00000299464f4a48]
Event: 11.793 Thread 0x00000299538cb910 10800       1       org.gradle.api.internal.artifacts.configurations.DefaultConfigurationServicesBundle::getFileCollectionFactory (5 bytes)
Event: 11.793 Thread 0x00000299538cb910 nmethod 10800 0x00000299464f4b88 code [0x00000299464f4c80, 0x00000299464f4d48]
Event: 11.793 Thread 0x00000299538cb910 10801       3       org.gradle.api.internal.DefaultNamedDomainObjectCollection::findByName (61 bytes)
Event: 11.793 Thread 0x00000299538cb910 nmethod 10801 0x000002993f23d488 code [0x000002993f23d580, 0x000002993f23df18]
Event: 11.793 Thread 0x00000299538cb910 10802       1       org.gradle.api.internal.project.ProjectIdentity::getBuildTreePath (5 bytes)
Event: 11.794 Thread 0x00000299538cc930 nmethod 10797 0x000002993f23df88 code [0x000002993f23e080, 0x000002993f23f690]
Event: 11.794 Thread 0x00000299538cb910 nmethod 10802 0x00000299464f4e88 code [0x00000299464f4f80, 0x00000299464f5048]
Event: 11.794 Thread 0x00000299538cc930 10803       3       org.gradle.api.internal.collections.AbstractIterationOrderRetainingElementSource::<init> (36 bytes)

GC Heap Usage History (20 events):
Event: 8.201 {heap Before GC invocations=21 (full 0):
 garbage-first heap   total reserved 2097152K, committed 114688K, used 106191K [0x0000000080000000, 0x0000000100000000)
  region size 1024K, 40 young (40960K), 4 survivors (4096K)
}
Event: 8.205 {heap After GC invocations=22 (full 0):
 garbage-first heap   total reserved 2097152K, committed 114688K, used 72628K [0x0000000080000000, 0x0000000100000000)
  region size 1024K, 5 young (5120K), 5 survivors (5120K)
}
Event: 8.429 {heap Before GC invocations=23 (full 0):
 garbage-first heap   total reserved 2097152K, committed 121856K, used 105396K [0x0000000080000000, 0x0000000100000000)
  region size 1024K, 38 young (38912K), 5 survivors (5120K)
}
Event: 8.432 {heap After GC invocations=24 (full 0):
 garbage-first heap   total reserved 2097152K, committed 121856K, used 75038K [0x0000000080000000, 0x0000000100000000)
  region size 1024K, 2 young (2048K), 2 survivors (2048K)
}
Event: 8.577 {heap Before GC invocations=24 (full 0):
 garbage-first heap   total reserved 2097152K, committed 121856K, used 111902K [0x0000000080000000, 0x0000000100000000)
  region size 1024K, 39 young (39936K), 2 survivors (2048K)
}
Event: 8.580 {heap After GC invocations=25 (full 0):
 garbage-first heap   total reserved 2097152K, committed 121856K, used 76224K [0x0000000080000000, 0x0000000100000000)
  region size 1024K, 4 young (4096K), 4 survivors (4096K)
}
Event: 8.765 {heap Before GC invocations=25 (full 0):
 garbage-first heap   total reserved 2097152K, committed 121856K, used 105920K [0x0000000080000000, 0x0000000100000000)
  region size 1024K, 35 young (35840K), 4 survivors (4096K)
}
Event: 8.767 {heap After GC invocations=26 (full 0):
 garbage-first heap   total reserved 2097152K, committed 146432K, used 77415K [0x0000000080000000, 0x0000000100000000)
  region size 1024K, 3 young (3072K), 3 survivors (3072K)
}
Event: 8.780 {heap Before GC invocations=26 (full 0):
 garbage-first heap   total reserved 2097152K, committed 146432K, used 78439K [0x0000000080000000, 0x0000000100000000)
  region size 1024K, 4 young (4096K), 3 survivors (3072K)
}
Event: 8.782 {heap After GC invocations=27 (full 0):
 garbage-first heap   total reserved 2097152K, committed 146432K, used 78599K [0x0000000080000000, 0x0000000100000000)
  region size 1024K, 3 young (3072K), 3 survivors (3072K)
}
Event: 9.392 {heap Before GC invocations=28 (full 0):
 garbage-first heap   total reserved 2097152K, committed 146432K, used 135943K [0x0000000080000000, 0x0000000100000000)
  region size 1024K, 50 young (51200K), 3 survivors (3072K)
}
Event: 9.395 {heap After GC invocations=29 (full 0):
 garbage-first heap   total reserved 2097152K, committed 146432K, used 93645K [0x0000000080000000, 0x0000000100000000)
  region size 1024K, 7 young (7168K), 7 survivors (7168K)
}
Event: 9.937 {heap Before GC invocations=29 (full 0):
 garbage-first heap   total reserved 2097152K, committed 146432K, used 132557K [0x0000000080000000, 0x0000000100000000)
  region size 1024K, 45 young (46080K), 7 survivors (7168K)
}
Event: 9.941 {heap After GC invocations=30 (full 0):
 garbage-first heap   total reserved 2097152K, committed 146432K, used 94240K [0x0000000080000000, 0x0000000100000000)
  region size 1024K, 2 young (2048K), 2 survivors (2048K)
}
Event: 10.056 {heap Before GC invocations=30 (full 0):
 garbage-first heap   total reserved 2097152K, committed 146432K, used 104480K [0x0000000080000000, 0x0000000100000000)
  region size 1024K, 13 young (13312K), 2 survivors (2048K)
}
Event: 10.058 {heap After GC invocations=31 (full 0):
 garbage-first heap   total reserved 2097152K, committed 146432K, used 94286K [0x0000000080000000, 0x0000000100000000)
  region size 1024K, 2 young (2048K), 2 survivors (2048K)
}
Event: 10.696 {heap Before GC invocations=32 (full 0):
 garbage-first heap   total reserved 2097152K, committed 162816K, used 137294K [0x0000000080000000, 0x0000000100000000)
  region size 1024K, 42 young (43008K), 2 survivors (2048K)
}
Event: 10.699 {heap After GC invocations=33 (full 0):
 garbage-first heap   total reserved 2097152K, committed 162816K, used 97730K [0x0000000080000000, 0x0000000100000000)
  region size 1024K, 3 young (3072K), 3 survivors (3072K)
}
Event: 11.351 {heap Before GC invocations=33 (full 0):
 garbage-first heap   total reserved 2097152K, committed 162816K, used 153026K [0x0000000080000000, 0x0000000100000000)
  region size 1024K, 52 young (53248K), 3 survivors (3072K)
}
Event: 11.356 {heap After GC invocations=34 (full 0):
 garbage-first heap   total reserved 2097152K, committed 162816K, used 103096K [0x0000000080000000, 0x0000000100000000)
  region size 1024K, 7 young (7168K), 7 survivors (7168K)
}

Metaspace Usage History (20 events):
Event: 8.201 {metaspace Before GC invocations=21 (full 0):
 Metaspace       used 73134K, committed 75008K, reserved 1114112K
  class space    used 10929K, committed 11776K, reserved 1048576K
}
Event: 8.205 {metaspace After GC invocations=22 (full 0):
 Metaspace       used 73134K, committed 75008K, reserved 1114112K
  class space    used 10929K, committed 11776K, reserved 1048576K
}
Event: 8.429 {metaspace Before GC invocations=23 (full 0):
 Metaspace       used 73545K, committed 75456K, reserved 1114112K
  class space    used 10930K, committed 11776K, reserved 1048576K
}
Event: 8.432 {metaspace After GC invocations=24 (full 0):
 Metaspace       used 73545K, committed 75456K, reserved 1114112K
  class space    used 10930K, committed 11776K, reserved 1048576K
}
Event: 8.577 {metaspace Before GC invocations=24 (full 0):
 Metaspace       used 73561K, committed 75456K, reserved 1114112K
  class space    used 10931K, committed 11776K, reserved 1048576K
}
Event: 8.580 {metaspace After GC invocations=25 (full 0):
 Metaspace       used 73561K, committed 75456K, reserved 1114112K
  class space    used 10931K, committed 11776K, reserved 1048576K
}
Event: 8.765 {metaspace Before GC invocations=25 (full 0):
 Metaspace       used 73681K, committed 75584K, reserved 1114112K
  class space    used 10947K, committed 11840K, reserved 1048576K
}
Event: 8.767 {metaspace After GC invocations=26 (full 0):
 Metaspace       used 73681K, committed 75584K, reserved 1114112K
  class space    used 10947K, committed 11840K, reserved 1048576K
}
Event: 8.780 {metaspace Before GC invocations=26 (full 0):
 Metaspace       used 73691K, committed 75648K, reserved 1114112K
  class space    used 10949K, committed 11840K, reserved 1048576K
}
Event: 8.782 {metaspace After GC invocations=27 (full 0):
 Metaspace       used 73691K, committed 75648K, reserved 1114112K
  class space    used 10949K, committed 11840K, reserved 1048576K
}
Event: 9.392 {metaspace Before GC invocations=28 (full 0):
 Metaspace       used 76455K, committed 78464K, reserved 1179648K
  class space    used 11302K, committed 12224K, reserved 1048576K
}
Event: 9.395 {metaspace After GC invocations=29 (full 0):
 Metaspace       used 76455K, committed 78464K, reserved 1179648K
  class space    used 11302K, committed 12224K, reserved 1048576K
}
Event: 9.937 {metaspace Before GC invocations=29 (full 0):
 Metaspace       used 80183K, committed 82240K, reserved 1179648K
  class space    used 11775K, committed 12736K, reserved 1048576K
}
Event: 9.941 {metaspace After GC invocations=30 (full 0):
 Metaspace       used 80183K, committed 82240K, reserved 1179648K
  class space    used 11775K, committed 12736K, reserved 1048576K
}
Event: 10.056 {metaspace Before GC invocations=30 (full 0):
 Metaspace       used 81072K, committed 83136K, reserved 1179648K
  class space    used 11938K, committed 12864K, reserved 1048576K
}
Event: 10.058 {metaspace After GC invocations=31 (full 0):
 Metaspace       used 81072K, committed 83136K, reserved 1179648K
  class space    used 11938K, committed 12864K, reserved 1048576K
}
Event: 10.696 {metaspace Before GC invocations=32 (full 0):
 Metaspace       used 84125K, committed 86144K, reserved 1179648K
  class space    used 12399K, committed 13312K, reserved 1048576K
}
Event: 10.699 {metaspace After GC invocations=33 (full 0):
 Metaspace       used 84125K, committed 86144K, reserved 1179648K
  class space    used 12399K, committed 13312K, reserved 1048576K
}
Event: 11.351 {metaspace Before GC invocations=33 (full 0):
 Metaspace       used 87730K, committed 89728K, reserved 1179648K
  class space    used 12887K, committed 13824K, reserved 1048576K
}
Event: 11.356 {metaspace After GC invocations=34 (full 0):
 Metaspace       used 87730K, committed 89728K, reserved 1179648K
  class space    used 12887K, committed 13824K, reserved 1048576K
}

Dll operation events (3 events):
Event: 0.011 Loaded shared library C:\Program Files\Android\Android Studio1\jbr\bin\java.dll
Event: 0.016 Loaded shared library C:\Program Files\Android\Android Studio1\jbr\bin\zip.dll
Event: 0.647 Loaded shared library C:\Program Files\Android\Android Studio1\jbr\bin\verify.dll

Deoptimization events (20 events):
Event: 11.647 Thread 0x000002995ad00530 DEOPT PACKING pc=0x000002993ec7aacf sp=0x000000f172bf4600
Event: 11.647 Thread 0x000002995ad00530 DEOPT UNPACKING pc=0x0000029945a01702 sp=0x000000f172bf3be0 mode 0
Event: 11.755 Thread 0x000002995ad00530 Uncommon trap: trap_request=0xffffff45 fr.pc=0x00000299461aea4c relative=0x000000000000064c
Event: 11.755 Thread 0x000002995ad00530 Uncommon trap: reason=unstable_if action=reinterpret pc=0x00000299461aea4c method=sun.reflect.annotation.AnnotationInvocationHandler.invoke(Ljava/lang/Object;Ljava/lang/reflect/Method;[Ljava/lang/Object;)Ljava/lang/Object; @ 15 c2
Event: 11.755 Thread 0x000002995ad00530 DEOPT PACKING pc=0x00000299461aea4c sp=0x000000f172bf4a40
Event: 11.755 Thread 0x000002995ad00530 DEOPT UNPACKING pc=0x0000029945ac8582 sp=0x000000f172bf49e8 mode 2
Event: 11.760 Thread 0x000002995ad00530 DEOPT PACKING pc=0x000002993ec7aacf sp=0x000000f172bf47d0
Event: 11.760 Thread 0x000002995ad00530 DEOPT UNPACKING pc=0x0000029945a01702 sp=0x000000f172bf3db0 mode 0
Event: 11.773 Thread 0x000002995ad00530 Uncommon trap: trap_request=0xffffff45 fr.pc=0x000002994646823c relative=0x000000000000013c
Event: 11.773 Thread 0x000002995ad00530 Uncommon trap: reason=unstable_if action=reinterpret pc=0x000002994646823c method=org.objectweb.asm.ByteVector.putByteArray([BII)Lorg/objectweb/asm/ByteVector; @ 20 c2
Event: 11.773 Thread 0x000002995ad00530 DEOPT PACKING pc=0x000002994646823c sp=0x000000f172bf3790
Event: 11.773 Thread 0x000002995ad00530 DEOPT UNPACKING pc=0x0000029945ac8582 sp=0x000000f172bf3760 mode 2
Event: 11.773 Thread 0x000002995ad00530 Uncommon trap: trap_request=0xffffff45 fr.pc=0x000002994639b4a0 relative=0x00000000000006a0
Event: 11.773 Thread 0x000002995ad00530 Uncommon trap: reason=unstable_if action=reinterpret pc=0x000002994639b4a0 method=org.objectweb.asm.Label.resolve([BLorg/objectweb/asm/ByteVector;I)Z @ 81 c2
Event: 11.773 Thread 0x000002995ad00530 DEOPT PACKING pc=0x000002994639b4a0 sp=0x000000f172bf37d0
Event: 11.773 Thread 0x000002995ad00530 DEOPT UNPACKING pc=0x0000029945ac8582 sp=0x000000f172bf36d8 mode 2
Event: 11.774 Thread 0x000002995ad00530 Uncommon trap: trap_request=0xffffff45 fr.pc=0x000002994633e0bc relative=0x000000000000023c
Event: 11.774 Thread 0x000002995ad00530 Uncommon trap: reason=unstable_if action=reinterpret pc=0x000002994633e0bc method=org.objectweb.asm.Label.resolve([BLorg/objectweb/asm/ByteVector;I)Z @ 81 c2
Event: 11.774 Thread 0x000002995ad00530 DEOPT PACKING pc=0x000002994633e0bc sp=0x000000f172bf3740
Event: 11.774 Thread 0x000002995ad00530 DEOPT UNPACKING pc=0x0000029945ac8582 sp=0x000000f172bf36d0 mode 2

Classes loaded (20 events):
Event: 11.183 Loading class java/util/stream/WhileOps
Event: 11.183 Loading class java/util/stream/WhileOps done
Event: 11.183 Loading class java/util/stream/WhileOps$1Op
Event: 11.183 Loading class java/util/stream/WhileOps$DropWhileOp
Event: 11.183 Loading class java/util/stream/WhileOps$DropWhileOp done
Event: 11.183 Loading class java/util/stream/WhileOps$1Op done
Event: 11.183 Loading class java/util/stream/SliceOps
Event: 11.183 Loading class java/util/stream/SliceOps done
Event: 11.183 Loading class java/util/stream/SliceOps$1
Event: 11.184 Loading class java/util/stream/SliceOps$1 done
Event: 11.186 Loading class java/util/stream/SliceOps$1$1
Event: 11.186 Loading class java/util/stream/SliceOps$1$1 done
Event: 11.186 Loading class java/util/stream/WhileOps$1Op$1OpSink
Event: 11.186 Loading class java/util/stream/WhileOps$DropWhileSink
Event: 11.186 Loading class java/util/stream/WhileOps$DropWhileSink done
Event: 11.186 Loading class java/util/stream/WhileOps$1Op$1OpSink done
Event: 11.536 Loading class java/security/KeyStore
Event: 11.537 Loading class java/security/KeyStore done
Event: 11.729 Loading class javax/xml/stream/XMLStreamException
Event: 11.729 Loading class javax/xml/stream/XMLStreamException done

Classes unloaded (0 events):
No events

Classes redefined (0 events):
No events

Internal exceptions (20 events):
Event: 11.730 Thread 0x000002995ad00530 Exception <a 'sun/nio/fs/WindowsException'{0x00000000874e5048}> (0x00000000874e5048) 
thrown [s\src\hotspot\share\prims\jni.cpp, line 535]
Event: 11.731 Thread 0x000002995ad00530 Exception <a 'sun/nio/fs/WindowsException'{0x00000000874fefa0}> (0x00000000874fefa0) 
thrown [s\src\hotspot\share\prims\jni.cpp, line 535]
Event: 11.733 Thread 0x000002995ad00530 Exception <a 'sun/nio/fs/WindowsException'{0x000000008733f390}> (0x000000008733f390) 
thrown [s\src\hotspot\share\prims\jni.cpp, line 535]
Event: 11.734 Thread 0x000002995ad00530 Exception <a 'sun/nio/fs/WindowsException'{0x000000008734d7f8}> (0x000000008734d7f8) 
thrown [s\src\hotspot\share\prims\jni.cpp, line 535]
Event: 11.736 Thread 0x000002995ad00530 Exception <a 'sun/nio/fs/WindowsException'{0x0000000087383b90}> (0x0000000087383b90) 
thrown [s\src\hotspot\share\prims\jni.cpp, line 535]
Event: 11.738 Thread 0x000002995ad00530 Exception <a 'sun/nio/fs/WindowsException'{0x0000000087392768}> (0x0000000087392768) 
thrown [s\src\hotspot\share\prims\jni.cpp, line 535]
Event: 11.739 Thread 0x000002995ad00530 Exception <a 'sun/nio/fs/WindowsException'{0x000000008739fc90}> (0x000000008739fc90) 
thrown [s\src\hotspot\share\prims\jni.cpp, line 535]
Event: 11.740 Thread 0x000002995ad00530 Exception <a 'sun/nio/fs/WindowsException'{0x00000000873adcd0}> (0x00000000873adcd0) 
thrown [s\src\hotspot\share\prims\jni.cpp, line 535]
Event: 11.740 Thread 0x000002995ad00530 Exception <a 'sun/nio/fs/WindowsException'{0x00000000873bac78}> (0x00000000873bac78) 
thrown [s\src\hotspot\share\prims\jni.cpp, line 535]
Event: 11.742 Thread 0x000002995ad00530 Exception <a 'sun/nio/fs/WindowsException'{0x00000000873da9c0}> (0x00000000873da9c0) 
thrown [s\src\hotspot\share\prims\jni.cpp, line 535]
Event: 11.745 Thread 0x000002995ad00530 Exception <a 'sun/nio/fs/WindowsException'{0x0000000087220390}> (0x0000000087220390) 
thrown [s\src\hotspot\share\prims\jni.cpp, line 535]
Event: 11.746 Thread 0x000002995ad00530 Exception <a 'sun/nio/fs/WindowsException'{0x000000008722ea48}> (0x000000008722ea48) 
thrown [s\src\hotspot\share\prims\jni.cpp, line 535]
Event: 11.749 Thread 0x000002995ad00530 Exception <a 'sun/nio/fs/WindowsException'{0x0000000087272cc0}> (0x0000000087272cc0) 
thrown [s\src\hotspot\share\prims\jni.cpp, line 535]
Event: 11.752 Thread 0x000002995ad00530 Exception <a 'sun/nio/fs/WindowsException'{0x00000000872ca3f8}> (0x00000000872ca3f8) 
thrown [s\src\hotspot\share\prims\jni.cpp, line 535]
Event: 11.758 Thread 0x000002995ad00530 Exception <a 'sun/nio/fs/WindowsException'{0x000000008715a8b8}> (0x000000008715a8b8) 
thrown [s\src\hotspot\share\prims\jni.cpp, line 535]
Event: 11.759 Thread 0x000002995ad00530 Exception <a 'sun/nio/fs/WindowsException'{0x000000008716b780}> (0x000000008716b780) 
thrown [s\src\hotspot\share\prims\jni.cpp, line 535]
Event: 11.764 Thread 0x000002995ad00530 Exception <a 'sun/nio/fs/WindowsException'{0x000000008703d3d0}> (0x000000008703d3d0) 
thrown [s\src\hotspot\share\prims\jni.cpp, line 535]
Event: 11.767 Thread 0x000002995ad00530 Exception <a 'sun/nio/fs/WindowsException'{0x000000008706e9a0}> (0x000000008706e9a0) 
thrown [s\src\hotspot\share\prims\jni.cpp, line 535]
Event: 11.773 Thread 0x000002995ad00530 Implicit null exception at 0x0000029946468145 to 0x0000029946468220
Event: 11.787 Thread 0x000002995ad00530 Exception <a 'sun/nio/fs/WindowsException'{0x0000000086f25868}> (0x0000000086f25868) 
thrown [s\src\hotspot\share\prims\jni.cpp, line 535]

VM Operations (20 events):
Event: 10.406 Executing non-safepoint VM operation: HandshakeAllThreads (Deoptimize)
Event: 10.406 Executing non-safepoint VM operation: HandshakeAllThreads (Deoptimize) done
Event: 10.660 Executing non-safepoint VM operation: HandshakeAllThreads (Deoptimize)
Event: 10.661 Executing non-safepoint VM operation: HandshakeAllThreads (Deoptimize) done
Event: 10.696 Executing safepoint VM operation: G1CollectForAllocation (G1 Evacuation Pause)
Event: 10.699 Executing safepoint VM operation: G1CollectForAllocation (G1 Evacuation Pause) done
Event: 10.729 Executing non-safepoint VM operation: HandshakeAllThreads (Deoptimize)
Event: 10.729 Executing non-safepoint VM operation: HandshakeAllThreads (Deoptimize) done
Event: 10.810 Executing non-safepoint VM operation: HandshakeAllThreads (Deoptimize)
Event: 10.810 Executing non-safepoint VM operation: HandshakeAllThreads (Deoptimize) done
Event: 10.834 Executing non-safepoint VM operation: HandshakeAllThreads (Deoptimize)
Event: 10.834 Executing non-safepoint VM operation: HandshakeAllThreads (Deoptimize) done
Event: 10.881 Executing non-safepoint VM operation: HandshakeAllThreads (Deoptimize)
Event: 10.881 Executing non-safepoint VM operation: HandshakeAllThreads (Deoptimize) done
Event: 10.883 Executing non-safepoint VM operation: HandshakeAllThreads (Deoptimize)
Event: 10.883 Executing non-safepoint VM operation: HandshakeAllThreads (Deoptimize) done
Event: 11.185 Executing non-safepoint VM operation: HandshakeAllThreads (Deoptimize)
Event: 11.185 Executing non-safepoint VM operation: HandshakeAllThreads (Deoptimize) done
Event: 11.351 Executing safepoint VM operation: G1CollectForAllocation (G1 Evacuation Pause)
Event: 11.356 Executing safepoint VM operation: G1CollectForAllocation (G1 Evacuation Pause) done

Memory protections (0 events):
No events

Nmethod flushes (20 events):
Event: 10.089 Thread 0x000002995330b650 flushing  nmethod 0x000002993e65e888
Event: 10.089 Thread 0x000002995330b650 flushing  nmethod 0x000002993e6aa488
Event: 10.089 Thread 0x000002995330b650 flushing  nmethod 0x000002993e6ac988
Event: 10.089 Thread 0x000002995330b650 flushing  nmethod 0x000002993e8ff608
Event: 10.089 Thread 0x000002995330b650 flushing  nmethod 0x000002993e95f808
Event: 10.089 Thread 0x000002995330b650 flushing  nmethod 0x000002993ecc4008
Event: 10.089 Thread 0x000002995330b650 flushing  nmethod 0x000002993ed22388
Event: 10.089 Thread 0x000002995330b650 flushing  nmethod 0x000002993ed25e08
Event: 10.089 Thread 0x000002995330b650 flushing  nmethod 0x000002993ee71a08
Event: 10.089 Thread 0x000002995330b650 flushing  nmethod 0x00000299463b9288
Event: 10.089 Thread 0x000002995330b650 flushing  nmethod 0x000002993e68fb88
Event: 10.089 Thread 0x000002995330b650 flushing  nmethod 0x000002993e96a988
Event: 10.089 Thread 0x000002995330b650 flushing  nmethod 0x000002993e96be08
Event: 10.089 Thread 0x000002995330b650 flushing  nmethod 0x000002993ea2a588
Event: 10.089 Thread 0x000002995330b650 flushing  nmethod 0x000002993ec50088
Event: 10.089 Thread 0x000002995330b650 flushing  nmethod 0x000002993ec50f08
Event: 10.089 Thread 0x000002995330b650 flushing  nmethod 0x000002993ec52688
Event: 10.089 Thread 0x000002995330b650 flushing  nmethod 0x000002993ed16c08
Event: 10.089 Thread 0x000002995330b650 flushing  nmethod 0x000002993ed17208
Event: 10.089 Thread 0x000002995330b650 flushing  nmethod 0x000002993eeaaa08

Events (20 events):
Event: 5.996 Thread 0x000002995ad00530 Thread added: 0x000002995b6dd760
Event: 5.997 Thread 0x000002995ad00530 Thread added: 0x000002995c942c00
Event: 5.998 Thread 0x000002995ad00530 Thread added: 0x000002995c945310
Event: 5.998 Thread 0x000002995ad00530 Thread added: 0x000002995c942430
Event: 6.000 Thread 0x000002995ad00530 Thread added: 0x000002995c9433d0
Event: 6.043 Thread 0x00000299538cc930 Thread added: 0x00000299590a2ce0
Event: 8.383 Thread 0x000002995334c870 Thread added: 0x000002995b21d8b0
Event: 8.478 Thread 0x00000299538ce160 Thread added: 0x000002995b215080
Event: 8.639 Thread 0x00000299538ce160 Thread added: 0x000002995cafe720
Event: 8.846 Thread 0x000002995cafe720 Thread exited: 0x000002995cafe720
Event: 8.874 Thread 0x000002995b215080 Thread exited: 0x000002995b215080
Event: 9.066 Thread 0x000002995b21d8b0 Thread exited: 0x000002995b21d8b0
Event: 9.066 Thread 0x00000299590a2ce0 Thread exited: 0x00000299590a2ce0
Event: 9.088 Thread 0x00000299538ca8f0 Thread exited: 0x00000299538ca8f0
Event: 9.492 Thread 0x00000299538cb910 Thread added: 0x000002995b215080
Event: 10.008 Thread 0x000002995ad00530 Thread added: 0x000002995c94a900
Event: 10.391 Thread 0x000002995b215080 Thread exited: 0x000002995b215080
Event: 10.715 Thread 0x00000299538ce160 Thread added: 0x000002995dbf2aa0
Event: 10.715 Thread 0x00000299538ce160 Thread added: 0x000002995dbf3ac0
Event: 11.226 Thread 0x000002995dbf3ac0 Thread exited: 0x000002995dbf3ac0


Dynamic libraries:
0x00007ff6c8050000 - 0x00007ff6c805a000 	C:\Program Files\Android\Android Studio1\jbr\bin\java.exe
0x00007ffe8fc80000 - 0x00007ffe8fee7000 	C:\WINDOWS\SYSTEM32\ntdll.dll
0x00007ffe8fa60000 - 0x00007ffe8fb2b000 	C:\WINDOWS\System32\KERNEL32.DLL
0x00007ffe8cfe0000 - 0x00007ffe8d3e2000 	C:\WINDOWS\System32\KERNELBASE.dll
0x00007ffe8d630000 - 0x00007ffe8d77c000 	C:\WINDOWS\System32\ucrtbase.dll
0x00007ffe875e0000 - 0x00007ffe875fb000 	C:\Program Files\Android\Android Studio1\jbr\bin\VCRUNTIME140.dll
0x00007ffe6eee0000 - 0x00007ffe6eef6000 	C:\Program Files\Android\Android Studio1\jbr\bin\jli.dll
0x00007ffe8e2b0000 - 0x00007ffe8e47f000 	C:\WINDOWS\System32\USER32.dll
0x00007ffe8ce80000 - 0x00007ffe8cea7000 	C:\WINDOWS\System32\win32u.dll
0x00007ffe8ea40000 - 0x00007ffe8ea6b000 	C:\WINDOWS\System32\GDI32.dll
0x00007ffe8ceb0000 - 0x00007ffe8cfd9000 	C:\WINDOWS\System32\gdi32full.dll
0x00007ffe60d10000 - 0x00007ffe60fa0000 	C:\WINDOWS\WinSxS\amd64_microsoft.windows.common-controls_6595b64144ccf1df_6.0.26100.9278_none_3e0d1ba8e3303201\COMCTL32.dll
0x00007ffe8d3f0000 - 0x00007ffe8d493000 	C:\WINDOWS\System32\msvcp_win.dll
0x00007ffe8e200000 - 0x00007ffe8e2a9000 	C:\WINDOWS\System32\msvcrt.dll
0x00007ffe8fbe0000 - 0x00007ffe8fc11000 	C:\WINDOWS\System32\IMM32.DLL
0x00007ffe87b10000 - 0x00007ffe87b1c000 	C:\Program Files\Android\Android Studio1\jbr\bin\vcruntime140_1.dll
0x00007ffe64ea0000 - 0x00007ffe64f2d000 	C:\Program Files\Android\Android Studio1\jbr\bin\msvcp140.dll
0x00007ffdd1d50000 - 0x00007ffdd2c2d000 	C:\Program Files\Android\Android Studio1\jbr\bin\server\jvm.dll
0x00007ffe8f810000 - 0x00007ffe8f8cc000 	C:\WINDOWS\System32\ADVAPI32.dll
0x00007ffe8fb30000 - 0x00007ffe8fbd9000 	C:\WINDOWS\System32\sechost.dll
0x00007ffe8e4e0000 - 0x00007ffe8e5f8000 	C:\WINDOWS\System32\RPCRT4.dll
0x00007ffe8f9d0000 - 0x00007ffe8fa50000 	C:\WINDOWS\System32\WS2_32.dll
0x00007ffe7b8f0000 - 0x00007ffe7b926000 	C:\WINDOWS\SYSTEM32\WINMM.dll
0x00007ffe85440000 - 0x00007ffe8544b000 	C:\WINDOWS\SYSTEM32\VERSION.dll
0x00007ffe8cc30000 - 0x00007ffe8cc8e000 	C:\WINDOWS\SYSTEM32\POWRPROF.dll
0x00007ffe8cc10000 - 0x00007ffe8cc25000 	C:\WINDOWS\SYSTEM32\UMPDC.dll
0x00007ffe8bb50000 - 0x00007ffe8bb6b000 	C:\WINDOWS\SYSTEM32\kernel.appcore.dll
0x00007ffe875d0000 - 0x00007ffe875da000 	C:\Program Files\Android\Android Studio1\jbr\bin\jimage.dll
0x00007ffe8a640000 - 0x00007ffe8a88c000 	C:\WINDOWS\SYSTEM32\DBGHELP.DLL
0x00007ffe8ef10000 - 0x00007ffe8f295000 	C:\WINDOWS\System32\combase.dll
0x00007ffe8e8f0000 - 0x00007ffe8e9c9000 	C:\WINDOWS\System32\OLEAUT32.dll
0x00007ffe57c50000 - 0x00007ffe57c8b000 	C:\WINDOWS\SYSTEM32\dbgcore.DLL
0x00007ffe8d8e0000 - 0x00007ffe8d98c000 	C:\WINDOWS\System32\bcryptPrimitives.dll
0x00007ffe6efa0000 - 0x00007ffe6efae000 	C:\Program Files\Android\Android Studio1\jbr\bin\instrument.dll
0x00007ffe87590000 - 0x00007ffe875ae000 	C:\Program Files\Android\Android Studio1\jbr\bin\java.dll
0x00007ffe8f510000 - 0x00007ffe8f6aa000 	C:\WINDOWS\System32\ole32.dll
0x00007ffe8da60000 - 0x00007ffe8e1f8000 	C:\WINDOWS\System32\SHELL32.dll
0x00007ffe85070000 - 0x00007ffe85086000 	C:\Program Files\Android\Android Studio1\jbr\bin\zip.dll
0x00007ffe8a8d0000 - 0x00007ffe8b17e000 	C:\WINDOWS\SYSTEM32\windows.storage.dll
0x00007ffe8e670000 - 0x00007ffe8e76b000 	C:\WINDOWS\System32\SHCORE.dll
0x00007ffe8e600000 - 0x00007ffe8e666000 	C:\WINDOWS\System32\shlwapi.dll
0x00007ffe8cda0000 - 0x00007ffe8cdc9000 	C:\WINDOWS\SYSTEM32\profapi.dll
0x00007ffe84df0000 - 0x00007ffe84e00000 	C:\Program Files\Android\Android Studio1\jbr\bin\net.dll
0x00007ffe8c110000 - 0x00007ffe8c17c000 	C:\WINDOWS\system32\mswsock.dll
0x00007ffe842d0000 - 0x00007ffe842e6000 	C:\Program Files\Android\Android Studio1\jbr\bin\nio.dll
0x00007ffe6f020000 - 0x00007ffe6f030000 	C:\Program Files\Android\Android Studio1\jbr\bin\verify.dll
0x00007ffe5ed40000 - 0x00007ffe5ed67000 	C:\Users\jerin\.gradle\native\660c5614fbf4a5f2a75b1949f50a0caf5cd603558e7d8a26e50b933a0cfb79d1\windows-amd64\native-platform.dll
0x00007ffdfd710000 - 0x00007ffdfd787000 	C:\Users\jerin\.gradle\native\0.2.8\x86_64-windows-gnu\gradle-fileevents.dll
0x00007ffe84d50000 - 0x00007ffe84d59000 	C:\Program Files\Android\Android Studio1\jbr\bin\management.dll
0x00007ffe84d20000 - 0x00007ffe84d2b000 	C:\Program Files\Android\Android Studio1\jbr\bin\management_ext.dll
0x00007ffe8ea30000 - 0x00007ffe8ea38000 	C:\WINDOWS\System32\PSAPI.DLL
0x00007ffe8b4d0000 - 0x00007ffe8b503000 	C:\WINDOWS\SYSTEM32\IPHLPAPI.DLL
0x00007ffe8ea70000 - 0x00007ffe8ea7a000 	C:\WINDOWS\System32\NSI.dll
0x00007ffe84de0000 - 0x00007ffe84de9000 	C:\Program Files\Android\Android Studio1\jbr\bin\extnet.dll
0x00007ffe8c420000 - 0x00007ffe8c43b000 	C:\WINDOWS\SYSTEM32\CRYPTSP.dll
0x00007ffe8bab0000 - 0x00007ffe8bae9000 	C:\WINDOWS\system32\rsaenh.dll
0x00007ffe8c1c0000 - 0x00007ffe8c1f4000 	C:\WINDOWS\SYSTEM32\USERENV.dll
0x00007ffe8cd70000 - 0x00007ffe8cd9a000 	C:\WINDOWS\SYSTEM32\bcrypt.dll
0x00007ffe8c400000 - 0x00007ffe8c40c000 	C:\WINDOWS\SYSTEM32\CRYPTBASE.dll
0x00007ffe5d120000 - 0x00007ffe5d128000 	C:\WINDOWS\system32\wshunix.dll

JVMTI agents:
C:\Users\jerin\.gradle\wrapper\dists\gradle-9.6.0-bin\42k10rwplmzkhuboz9kdazi7s\gradle-9.6.0\lib\agents\gradle-instrumentation-agent-9.6.0.jar path:C:\Program Files\Android\Android Studio1\jbr\bin\instrument.dll, loaded, initialized, instrumentlib options:none

dbghelp: loaded successfully - version: 4.0.5 - missing functions: none
symbol engine: initialized successfully - sym options: 0x614 - pdb path: .;C:\Program Files\Android\Android Studio1\jbr\bin;C:\WINDOWS\SYSTEM32;C:\WINDOWS\WinSxS\amd64_microsoft.windows.common-controls_6595b64144ccf1df_6.0.26100.9278_none_3e0d1ba8e3303201;C:\Program Files\Android\Android Studio1\jbr\bin\server;C:\Users\jerin\.gradle\native\660c5614fbf4a5f2a75b1949f50a0caf5cd603558e7d8a26e50b933a0cfb79d1\windows-amd64;C:\Users\jerin\.gradle\native\0.2.8\x86_64-windows-gnu

VM Arguments:
jvm_args: --add-opens=java.base/java.lang=ALL-UNNAMED --add-opens=java.base/java.lang.invoke=ALL-UNNAMED --add-opens=java.base/java.util=ALL-UNNAMED --add-opens=java.prefs/java.util.prefs=ALL-UNNAMED --add-exports=jdk.compiler/com.sun.tools.javac.api=ALL-UNNAMED --add-exports=jdk.compiler/com.sun.tools.javac.util=ALL-UNNAMED --add-opens=java.base/java.nio.charset=ALL-UNNAMED --add-opens=java.base/java.net=ALL-UNNAMED --add-opens=java.base/java.util.concurrent=ALL-UNNAMED --add-opens=java.base/java.util.concurrent.atomic=ALL-UNNAMED --add-opens=java.xml/javax.xml.namespace=ALL-UNNAMED --add-opens=java.base/java.time=ALL-UNNAMED --enable-native-access=ALL-UNNAMED -Xmx2048m -Dfile.encoding=UTF-8 -Duser.country=IN -Duser.language=en -Duser.variant -javaagent:C:\Users\jerin\.gradle\wrapper\dists\gradle-9.6.0-bin\42k10rwplmzkhuboz9kdazi7s\gradle-9.6.0\lib\agents\gradle-instrumentation-agent-9.6.0.jar 
java_command: org.gradle.launcher.daemon.bootstrap.GradleDaemon 9.6.0
java_class_path (initial): C:\Users\jerin\.gradle\wrapper\dists\gradle-9.6.0-bin\42k10rwplmzkhuboz9kdazi7s\gradle-9.6.0\lib\gradle-daemon-main-9.6.0.jar
Launcher Type: SUN_STANDARD

[Global flags]
     intx CICompilerCount                          = 12                                        {product} {ergonomic}
     uint ConcGCThreads                            = 3                                         {product} {ergonomic}
     uint G1ConcRefinementThreads                  = 13                                        {product} {ergonomic}
   size_t G1HeapRegionSize                         = 1048576                                   {product} {ergonomic}
   size_t InitialHeapSize                          = 266338304                                 {product} {ergonomic}
   size_t MarkStackSize                            = 4194304                                   {product} {ergonomic}
   size_t MarkStackSizeMax                         = 536870912                                 {product} {ergonomic}
   size_t MaxHeapSize                              = 2147483648                                {product} {command line}
   size_t MaxNewSize                               = 1287651328                                {product} {ergonomic}
   size_t MinHeapDeltaBytes                        = 1048576                                   {product} {ergonomic}
   size_t MinHeapSize                              = 8388608                                   {product} {ergonomic}
    uintx NonNMethodCodeHeapSize                   = 7667712                                {pd product} {ergonomic}
    uintx NonProfiledCodeHeapSize                  = 122028032                              {pd product} {ergonomic}
    uintx ProfiledCodeHeapSize                     = 122028032                              {pd product} {ergonomic}
    uintx ReservedCodeCacheSize                    = 251723776                              {pd product} {ergonomic}
     bool SegmentedCodeCache                       = true                                      {product} {ergonomic}
   size_t SoftMaxHeapSize                          = 2147483648                             {manageable} {ergonomic}
     bool UseCompressedOops                        = true                           {product lp64_product} {ergonomic}
     bool UseG1GC                                  = true                                      {product} {ergonomic}
     bool UseLargePagesIndividualAllocation        = false                                  {pd product} {ergonomic}

Logging:
Log output configuration:
 #0: stdout all=warning uptime,level,tags foldmultilines=false
 #1: stderr all=off uptime,level,tags foldmultilines=false

Release file:
JAVA_VERSION="25.0.3" 
MODULES="java.base java.compiler java.datatransfer java.xml java.prefs java.desktop java.instrument java.logging java.management java.security.sasl java.naming java.rmi java.management.rmi java.net.http java.scripting java.security.jgss java.transaction.xa java.sql java.sql.rowset java.xml.crypto java.se java.smartcardio jdk.accessibility jdk.internal.jvmstat jdk.attach jdk.charsets jdk.internal.opt jdk.zipfs jdk.compiler jdk.crypto.cryptoki jdk.crypto.ec jdk.dynalink jdk.hotspot.agent jdk.httpserver jdk.internal.ed jdk.internal.le jdk.internal.md jdk.internal.vm.ci jdk.jartool jdk.javadoc jdk.jcmd jdk.jdeps jdk.jdwp.agent jdk.jdi jdk.jfr jdk.jlink jdk.localedata jdk.management jdk.management.agent jdk.management.jfr jdk.naming.dns jdk.naming.rmi jdk.net jdk.sctp jdk.security.auth jdk.security.jgss jdk.unsupported jdk.unsupported.desktop jdk.xml.dom" 
IMPLEMENTOR="JetBrains s.r.o." 
JAVA_RUNTIME_VERSION="25.0.3+-15898627-b508.16" 
LIBC="default" 
OS_ARCH="x86_64" 
OS_NAME="Windows" 
SOURCE=".:git:a8b1dba3234f" 

Environment Variables:
JAVA_HOME=C:\Program Files\Java\jdk-17
PATH=C:\Program Files\Eclipse Adoptium\jdk-8.0.462.8-hotspot\bin;C:\Python313\Scripts\;C:\Python313\;C:\Program Files\Eclipse Adoptium\jre-21.0.4.7-hotspot\bin;C:\Program Files\Java\jdk-17\bin;C:\Program Files\Common Files\Oracle\Java\javapath;C:\Program Files (x86)\Common Files\Oracle\Java\java8path;C:\Program Files (x86)\Common Files\Oracle\Java\javapath;C:\msys64\mingw64\bin;C:\Windows\system32;C:\Windows;C:\Windows\System32\Wbem;C:\Windows\System32\WindowsPowerShell\v1.0\;C:\Windows\System32\OpenSSH\;C:\Program Files (x86)\GnuWin32\bin;C:\MinGW\bin;C:\Program Files\mongodb-win32-x86_64-windows-4.4.2\bin;C:\Program Files\MongoDB\Server\4.4\bin;C:\WINDOWS\system32;C:\WINDOWS;C:\WINDOWS\System32\Wbem;C:\WINDOWS\System32\WindowsPowerShell\v1.0\;C:\WINDOWS\System32\OpenSSH\;C:\Program Files\ChromeDriver;C:\Program Files\Git LFS;C:\ProgramData\chocolatey\bin;C:\Program Files\dotnet\;C:\WINDOWS\system32;C:\WINDOWS;C:\WINDOWS\System32\Wbem;C:\WINDOWS\System32\WindowsPowerShell\v1.0\;C:\WINDOWS\System32\OpenSSH\;C:\Program Files (x86)\NVIDIA Corporation\PhysX\Common;C:\Program Files\NVIDIA Corporation\NVIDIA app\NvDLISR;C:\Program Files\nodejs\;C:\Program Files\PuTTY\;C:\Program Files\Git\cmd;C:\Program Files\Go\bin;C:\Users\jerin\AppData\Local\Programs\Python\Python39\Scripts\;C:\Users\jerin\AppData\Local\Programs\Python\Python39\;C:\Users\jerin\AppData\Local\Microsoft\WindowsApps;;C:\Users\jerin\AppData\Local\Programs\Microsoft VS Code\bin;C:\Program Files\heroku\bin;C:\Users\jerin\AppData\Local\Microsoft\WinGet\Packages\GorillaDevs.Ferium_Microsoft.Winget.Source_8wekyb3d8bbwe;C:\Users\jerin\AppData\Roaming\npm;C:\Users\jerin\go\bin
USERNAME=jerin
OS=Windows_NT
PROCESSOR_IDENTIFIER=AMD64 Family 23 Model 96 Stepping 1, AuthenticAMD
TMP=C:\Users\jerin\AppData\Local\Temp
TEMP=C:\Users\jerin\AppData\Local\Temp




Compilation memory statistics disabled.

Periodic native trim disabled

JNI global refs:
JNI global refs: 32, weak refs: 3

JNI global refs memory usage: 835, weak refs: 833

Process memory usage:
Resident Set Size: 417844K (2% of 16643396K total physical memory with 3851112K free physical memory)

OOME stack traces (most recent first):
Classloader memory used:
Loader org.gradle.internal.classloader.VisitableURLClassLoader                         : 40179 K
Loader bootstrap                                                                       : 25273 K
Loader org.gradle.internal.classloader.VisitableURLClassLoader$InstrumentingVisitableURLClassLoader: 12482 K
Loader org.gradle.initialization.MixInLegacyTypesClassLoader                           : 11501 K
Loader org.gradle.internal.classloader.VisitableURLClassLoader                         : 1082 K
Loader jdk.internal.loader.ClassLoaders$AppClassLoader                                 : 186 K
Loader jdk.internal.loader.ClassLoaders$PlatformClassLoader                            : 140 K
Loader org.gradle.groovy.scripts.internal.DefaultScriptCompilationHandler$ScriptClassLoader: 89448 B

